ARM Linker, 5.03 [Build 76] [MDK-ARM Lite]

==============================================================================

Section Cross References

    stm32f10x.o(RESET) refers to stm32f10x.o(STACK) for __initial_sp
    stm32f10x.o(RESET) refers to stm32f10x.o(.text) for Reset_Handler
    stm32f10x.o(RESET) refers to en_tete.o(.text) for EXTI0_IRQHandler
    stm32f10x.o(.text) refers to entry.o(.ARM.Collect$$$$00000000) for __main
    en_tete.o(.text) refers to stm32f10x_tim.o(.text) for TIM_InternalClockConfig
    en_tete.o(.text) refers to stm32f10x_nvic.o(.text) for NVIC_PriorityGroupConfig
    en_tete.o(.text) refers to stm32f10x_gpio.o(.text) for GPIO_EXTILineConfig
    en_tete.o(.text) refers to stm32f10x_exti.o(.text) for EXTI_Init
    en_tete.o(.text) refers to stm32f10x_flash.o(.text) for FLASH_SetLatency
    en_tete.o(.text) refers to stm32f10x_rcc.o(.text) for RCC_HSEConfig
    stm32f10x_wwdg.o(.text) refers to stm32f10x_rcc.o(.text) for RCC_APB1PeriphResetCmd
    stm32f10x_adc.o(.text) refers to stm32f10x_rcc.o(.text) for RCC_APB2PeriphResetCmd
    stm32f10x_bkp.o(.text) refers to stm32f10x_rcc.o(.text) for RCC_BackupResetCmd
    stm32f10x_can.o(.text) refers to stm32f10x_rcc.o(.text) for RCC_APB1PeriphResetCmd
    stm32f10x_dac.o(.text) refers to stm32f10x_rcc.o(.text) for RCC_APB1PeriphResetCmd
    stm32f10x_gpio.o(.text) refers to stm32f10x_rcc.o(.text) for RCC_APB2PeriphResetCmd
    stm32f10x_i2c.o(.text) refers to stm32f10x_rcc.o(.text) for RCC_APB1PeriphResetCmd
    stm32f10x_nvic.o(.text) refers to cortexm3_macro.o(.text) for __SETPRIMASK
    stm32f10x_pwr.o(.text) refers to stm32f10x_rcc.o(.text) for RCC_APB1PeriphResetCmd
    stm32f10x_pwr.o(.text) refers to cortexm3_macro.o(.text) for __WFI
    stm32f10x_rcc.o(.text) refers to stm32f10x_rcc.o(.data) for HSEStatus
    stm32f10x_rcc.o(.text) refers to stm32f10x_rcc.o(.constdata) for APBAHBPrescTable
    stm32f10x_spi.o(.text) refers to stm32f10x_rcc.o(.text) for RCC_APB2PeriphResetCmd
    stm32f10x_tim.o(.text) refers to stm32f10x_rcc.o(.text) for RCC_APB2PeriphResetCmd
    stm32f10x_usart.o(.text) refers to stm32f10x_rcc.o(.text) for RCC_APB2PeriphResetCmd
    entry.o(.ARM.Collect$$$$00000000) refers (Special) to entry10a.o(.ARM.Collect$$$$0000000D) for __rt_final_cpp
    entry.o(.ARM.Collect$$$$00000000) refers (Special) to entry11a.o(.ARM.Collect$$$$0000000F) for __rt_final_exit
    entry.o(.ARM.Collect$$$$00000000) refers (Special) to entry7b.o(.ARM.Collect$$$$00000008) for _main_clock
    entry.o(.ARM.Collect$$$$00000000) refers (Special) to entry8b.o(.ARM.Collect$$$$0000000A) for _main_cpp_init
    entry.o(.ARM.Collect$$$$00000000) refers (Special) to entry9a.o(.ARM.Collect$$$$0000000B) for _main_init
    entry.o(.ARM.Collect$$$$00000000) refers (Special) to entry5.o(.ARM.Collect$$$$00000004) for _main_scatterload
    entry.o(.ARM.Collect$$$$00000000) refers (Special) to entry2.o(.ARM.Collect$$$$00000001) for _main_stk
    entry2.o(.ARM.Collect$$$$00000001) refers to entry2.o(.ARM.Collect$$$$00002712) for __lit__00000000
    entry2.o(.ARM.Collect$$$$00002712) refers to stm32f10x.o(STACK) for __initial_sp
    entry2.o(__vectab_stack_and_reset_area) refers to stm32f10x.o(STACK) for __initial_sp
    entry2.o(__vectab_stack_and_reset_area) refers to entry.o(.ARM.Collect$$$$00000000) for __main
    entry5.o(.ARM.Collect$$$$00000004) refers to init.o(.text) for __scatterload
    entry9a.o(.ARM.Collect$$$$0000000B) refers to en_tete.o(.text) for main
    entry9b.o(.ARM.Collect$$$$0000000C) refers to en_tete.o(.text) for main
    init.o(.text) refers to entry5.o(.ARM.Collect$$$$00000004) for __main_after_scatterload


==============================================================================

Removing Unused input sections from the image.

    Removing stm32f10x.o(HEAP), (0 bytes).
    Removing en_tete.o(.bss), (1024 bytes).
    Removing en_tete.o(.data), (8 bytes).
    Removing stm32f10x_wwdg.o(.text), (124 bytes).
    Removing stm32f10x_adc.o(.text), (1072 bytes).
    Removing stm32f10x_bkp.o(.text), (164 bytes).
    Removing stm32f10x_can.o(.text), (2100 bytes).
    Removing stm32f10x_crc.o(.text), (72 bytes).
    Removing stm32f10x_dac.o(.text), (336 bytes).
    Removing stm32f10x_dbgmcu.o(.text), (48 bytes).
    Removing stm32f10x_dma.o(.text), (572 bytes).
    Removing stm32f10x_fsmc.o(.text), (1572 bytes).
    Removing stm32f10x_i2c.o(.text), (1054 bytes).
    Removing stm32f10x_iwdg.o(.text), (64 bytes).
    Removing stm32f10x_pwr.o(.text), (200 bytes).
    Removing stm32f10x_rtc.o(.text), (324 bytes).
    Removing stm32f10x_sdio.o(.text), (460 bytes).
    Removing stm32f10x_spi.o(.text), (824 bytes).
    Removing stm32f10x_systick.o(.text), (194 bytes).
    Removing stm32f10x_usart.o(.text), (880 bytes).

20 unused section(s) (total 11092 bytes) removed from the image.

==============================================================================

Image Symbol Table

    Local Symbols

    Symbol Name                              Value     Ov Type        Size  Object(Section)

    ../clib/microlib/init/entry.s            0x00000000   Number         0  entry7b.o ABSOLUTE
    ../clib/microlib/init/entry.s            0x00000000   Number         0  entry8a.o ABSOLUTE
    ../clib/microlib/init/entry.s            0x00000000   Number         0  entry8b.o ABSOLUTE
    ../clib/microlib/init/entry.s            0x00000000   Number         0  entry10b.o ABSOLUTE
    ../clib/microlib/init/entry.s            0x00000000   Number         0  entry9b.o ABSOLUTE
    ../clib/microlib/init/entry.s            0x00000000   Number         0  entry7a.o ABSOLUTE
    ../clib/microlib/init/entry.s            0x00000000   Number         0  entry.o ABSOLUTE
    ../clib/microlib/init/entry.s            0x00000000   Number         0  entry5.o ABSOLUTE
    ../clib/microlib/init/entry.s            0x00000000   Number         0  entry2.o ABSOLUTE
    ../clib/microlib/init/entry.s            0x00000000   Number         0  entry9a.o ABSOLUTE
    ../clib/microlib/init/entry.s            0x00000000   Number         0  entry10a.o ABSOLUTE
    ../clib/microlib/init/entry.s            0x00000000   Number         0  entry11a.o ABSOLUTE
    ../clib/microlib/init/entry.s            0x00000000   Number         0  entry11b.o ABSOLUTE
    STM32F10x.s                              0x00000000   Number         0  stm32f10x.o ABSOLUTE
    STM32F10x_LIB\cortexm3_macro.s           0x00000000   Number         0  cortexm3_macro.o ABSOLUTE
    STM32F10x_LIB\stm32f10x_adc.c            0x00000000   Number         0  stm32f10x_adc.o ABSOLUTE
    STM32F10x_LIB\stm32f10x_bkp.c            0x00000000   Number         0  stm32f10x_bkp.o ABSOLUTE
    STM32F10x_LIB\stm32f10x_can.c            0x00000000   Number         0  stm32f10x_can.o ABSOLUTE
    STM32F10x_LIB\stm32f10x_crc.c            0x00000000   Number         0  stm32f10x_crc.o ABSOLUTE
    STM32F10x_LIB\stm32f10x_dac.c            0x00000000   Number         0  stm32f10x_dac.o ABSOLUTE
    STM32F10x_LIB\stm32f10x_dbgmcu.c         0x00000000   Number         0  stm32f10x_dbgmcu.o ABSOLUTE
    STM32F10x_LIB\stm32f10x_dma.c            0x00000000   Number         0  stm32f10x_dma.o ABSOLUTE
    STM32F10x_LIB\stm32f10x_exti.c           0x00000000   Number         0  stm32f10x_exti.o ABSOLUTE
    STM32F10x_LIB\stm32f10x_flash.c          0x00000000   Number         0  stm32f10x_flash.o ABSOLUTE
    STM32F10x_LIB\stm32f10x_fsmc.c           0x00000000   Number         0  stm32f10x_fsmc.o ABSOLUTE
    STM32F10x_LIB\stm32f10x_gpio.c           0x00000000   Number         0  stm32f10x_gpio.o ABSOLUTE
    STM32F10x_LIB\stm32f10x_i2c.c            0x00000000   Number         0  stm32f10x_i2c.o ABSOLUTE
    STM32F10x_LIB\stm32f10x_iwdg.c           0x00000000   Number         0  stm32f10x_iwdg.o ABSOLUTE
    STM32F10x_LIB\stm32f10x_lib.c            0x00000000   Number         0  stm32f10x_lib.o ABSOLUTE
    STM32F10x_LIB\stm32f10x_nvic.c           0x00000000   Number         0  stm32f10x_nvic.o ABSOLUTE
    STM32F10x_LIB\stm32f10x_pwr.c            0x00000000   Number         0  stm32f10x_pwr.o ABSOLUTE
    STM32F10x_LIB\stm32f10x_rcc.c            0x00000000   Number         0  stm32f10x_rcc.o ABSOLUTE
    STM32F10x_LIB\stm32f10x_rtc.c            0x00000000   Number         0  stm32f10x_rtc.o ABSOLUTE
    STM32F10x_LIB\stm32f10x_sdio.c           0x00000000   Number         0  stm32f10x_sdio.o ABSOLUTE
    STM32F10x_LIB\stm32f10x_spi.c            0x00000000   Number         0  stm32f10x_spi.o ABSOLUTE
    STM32F10x_LIB\stm32f10x_systick.c        0x00000000   Number         0  stm32f10x_systick.o ABSOLUTE
    STM32F10x_LIB\stm32f10x_tim.c            0x00000000   Number         0  stm32f10x_tim.o ABSOLUTE
    STM32F10x_LIB\stm32f10x_usart.c          0x00000000   Number         0  stm32f10x_usart.o ABSOLUTE
    STM32F10x_LIB\stm32f10x_wwdg.c           0x00000000   Number         0  stm32f10x_wwdg.o ABSOLUTE
    dc.s                                     0x00000000   Number         0  dc.o ABSOLUTE
    en_tete.c                                0x00000000   Number         0  en_tete.o ABSOLUTE
    handlers.s                               0x00000000   Number         0  handlers.o ABSOLUTE
    init.s                                   0x00000000   Number         0  init.o ABSOLUTE
    RESET                                    0x08000000   Section      236  stm32f10x.o(RESET)
    .ARM.Collect$$$$00000000                 0x080000ec   Section        0  entry.o(.ARM.Collect$$$$00000000)
    .ARM.Collect$$$$00000001                 0x080000ec   Section        4  entry2.o(.ARM.Collect$$$$00000001)
    .ARM.Collect$$$$00000004                 0x080000f0   Section        4  entry5.o(.ARM.Collect$$$$00000004)
    .ARM.Collect$$$$00000008                 0x080000f4   Section        0  entry7b.o(.ARM.Collect$$$$00000008)
    .ARM.Collect$$$$0000000A                 0x080000f4   Section        0  entry8b.o(.ARM.Collect$$$$0000000A)
    .ARM.Collect$$$$0000000B                 0x080000f4   Section        8  entry9a.o(.ARM.Collect$$$$0000000B)
    .ARM.Collect$$$$0000000D                 0x080000fc   Section        0  entry10a.o(.ARM.Collect$$$$0000000D)
    .ARM.Collect$$$$0000000F                 0x080000fc   Section        0  entry11a.o(.ARM.Collect$$$$0000000F)
    .ARM.Collect$$$$00002712                 0x080000fc   Section        4  entry2.o(.ARM.Collect$$$$00002712)
    __lit__00000000                          0x080000fc   Data           4  entry2.o(.ARM.Collect$$$$00002712)
    .text                                    0x08000100   Section       28  stm32f10x.o(.text)
    .text                                    0x0800011c   Section        0  en_tete.o(.text)
    .text                                    0x080003c8   Section        0  stm32f10x_exti.o(.text)
    .text                                    0x080004ec   Section        0  stm32f10x_flash.o(.text)
    delay                                    0x08000579   Thumb Code    26  stm32f10x_flash.o(.text)
    .text                                    0x08000a1c   Section        0  stm32f10x_gpio.o(.text)
    .text                                    0x08000d44   Section        0  stm32f10x_nvic.o(.text)
    .text                                    0x08001124   Section        0  stm32f10x_rcc.o(.text)
    .text                                    0x080014d4   Section        0  stm32f10x_tim.o(.text)
    TI4_Config                               0x080017f3   Thumb Code    82  stm32f10x_tim.o(.text)
    TI3_Config                               0x08001857   Thumb Code    72  stm32f10x_tim.o(.text)
    TI2_Config                               0x080018c9   Thumb Code    80  stm32f10x_tim.o(.text)
    TI1_Config                               0x0800192b   Thumb Code    56  stm32f10x_tim.o(.text)
    .text                                    0x08002080   Section      122  cortexm3_macro.o(.text)
    .text                                    0x080020fc   Section       36  init.o(.text)
    i.__scatterload_copy                     0x08002120   Section       14  handlers.o(i.__scatterload_copy)
    i.__scatterload_null                     0x0800212e   Section        2  handlers.o(i.__scatterload_null)
    i.__scatterload_zeroinit                 0x08002130   Section       14  handlers.o(i.__scatterload_zeroinit)
    .constdata                               0x0800213e   Section       20  stm32f10x_rcc.o(.constdata)
    APBAHBPrescTable                         0x0800213e   Data          16  stm32f10x_rcc.o(.constdata)
    ADCPrescTable                            0x0800214e   Data           4  stm32f10x_rcc.o(.constdata)
    .data                                    0x20000000   Section        5  stm32f10x_rcc.o(.data)
    StartUpCounter                           0x20000000   Data           4  stm32f10x_rcc.o(.data)
    HSEStatus                                0x20000004   Data           1  stm32f10x_rcc.o(.data)
    STACK                                    0x20000008   Section      512  stm32f10x.o(STACK)

    Global Symbols

    Symbol Name                              Value     Ov Type        Size  Object(Section)

    BuildAttributes$$THM_ISAv4$P$D$K$B$S$PE$A:L22UL41UL21$X:L11$S22US41US21$IEEE1$IW$USESV6$~STKCKD$USESV7$~SHL$OSPACE$EBA8$MICROLIB$REQ8$PRES8$EABIv2 0x00000000   Number         0  anon$$obj.o ABSOLUTE
    __ARM_use_no_argv                        0x00000000   Number         0  en_tete.o ABSOLUTE
    __cpp_initialize__aeabi_                  - Undefined Weak Reference
    __cxa_finalize                            - Undefined Weak Reference
    __decompress                              - Undefined Weak Reference
    _clock_init                               - Undefined Weak Reference
    _microlib_exit                            - Undefined Weak Reference
    __Vectors                                0x08000000   Data           4  stm32f10x.o(RESET)
    __main                                   0x080000ed   Thumb Code     0  entry.o(.ARM.Collect$$$$00000000)
    _main_stk                                0x080000ed   Thumb Code     0  entry2.o(.ARM.Collect$$$$00000001)
    _main_scatterload                        0x080000f1   Thumb Code     0  entry5.o(.ARM.Collect$$$$00000004)
    __main_after_scatterload                 0x080000f5   Thumb Code     0  entry5.o(.ARM.Collect$$$$00000004)
    _main_clock                              0x080000f5   Thumb Code     0  entry7b.o(.ARM.Collect$$$$00000008)
    _main_cpp_init                           0x080000f5   Thumb Code     0  entry8b.o(.ARM.Collect$$$$0000000A)
    _main_init                               0x080000f5   Thumb Code     0  entry9a.o(.ARM.Collect$$$$0000000B)
    __rt_final_cpp                           0x080000fd   Thumb Code     0  entry10a.o(.ARM.Collect$$$$0000000D)
    __rt_final_exit                          0x080000fd   Thumb Code     0  entry11a.o(.ARM.Collect$$$$0000000F)
    Reset_Handler                            0x08000101   Thumb Code     4  stm32f10x.o(.text)
    NMI_Handler                              0x08000105   Thumb Code     2  stm32f10x.o(.text)
    HardFault_Handler                        0x08000107   Thumb Code     2  stm32f10x.o(.text)
    MemManage_Handler                        0x08000109   Thumb Code     2  stm32f10x.o(.text)
    BusFault_Handler                         0x0800010b   Thumb Code     2  stm32f10x.o(.text)
    UsageFault_Handler                       0x0800010d   Thumb Code     2  stm32f10x.o(.text)
    SVC_Handler                              0x0800010f   Thumb Code     2  stm32f10x.o(.text)
    DebugMon_Handler                         0x08000111   Thumb Code     2  stm32f10x.o(.text)
    PendSV_Handler                           0x08000113   Thumb Code     2  stm32f10x.o(.text)
    SysTick_Handler                          0x08000115   Thumb Code     2  stm32f10x.o(.text)
    ADC_IRQHandler                           0x08000117   Thumb Code     0  stm32f10x.o(.text)
    CAN_RX1_IRQHandler                       0x08000117   Thumb Code     0  stm32f10x.o(.text)
    CAN_SCE_IRQHandler                       0x08000117   Thumb Code     0  stm32f10x.o(.text)
    DMAChannel1_IRQHandler                   0x08000117   Thumb Code     0  stm32f10x.o(.text)
    DMAChannel2_IRQHandler                   0x08000117   Thumb Code     0  stm32f10x.o(.text)
    DMAChannel3_IRQHandler                   0x08000117   Thumb Code     0  stm32f10x.o(.text)
    DMAChannel4_IRQHandler                   0x08000117   Thumb Code     0  stm32f10x.o(.text)
    DMAChannel5_IRQHandler                   0x08000117   Thumb Code     0  stm32f10x.o(.text)
    DMAChannel6_IRQHandler                   0x08000117   Thumb Code     0  stm32f10x.o(.text)
    DMAChannel7_IRQHandler                   0x08000117   Thumb Code     0  stm32f10x.o(.text)
    EXTI1_IRQHandler                         0x08000117   Thumb Code     0  stm32f10x.o(.text)
    EXTI2_IRQHandler                         0x08000117   Thumb Code     0  stm32f10x.o(.text)
    EXTI3_IRQHandler                         0x08000117   Thumb Code     0  stm32f10x.o(.text)
    EXTI4_IRQHandler                         0x08000117   Thumb Code     0  stm32f10x.o(.text)
    EXTI9_5_IRQHandler                       0x08000117   Thumb Code     0  stm32f10x.o(.text)
    FLASH_IRQHandler                         0x08000117   Thumb Code     0  stm32f10x.o(.text)
    I2C1_ER_IRQHandler                       0x08000117   Thumb Code     0  stm32f10x.o(.text)
    I2C1_EV_IRQHandler                       0x08000117   Thumb Code     0  stm32f10x.o(.text)
    I2C2_ER_IRQHandler                       0x08000117   Thumb Code     0  stm32f10x.o(.text)
    I2C2_EV_IRQHandler                       0x08000117   Thumb Code     0  stm32f10x.o(.text)
    PVD_IRQHandler                           0x08000117   Thumb Code     0  stm32f10x.o(.text)
    RCC_IRQHandler                           0x08000117   Thumb Code     0  stm32f10x.o(.text)
    RTCAlarm_IRQHandler                      0x08000117   Thumb Code     0  stm32f10x.o(.text)
    RTC_IRQHandler                           0x08000117   Thumb Code     0  stm32f10x.o(.text)
    SPI1_IRQHandler                          0x08000117   Thumb Code     0  stm32f10x.o(.text)
    SPI2_IRQHandler                          0x08000117   Thumb Code     0  stm32f10x.o(.text)
    TAMPER_IRQHandler                        0x08000117   Thumb Code     0  stm32f10x.o(.text)
    TIM1_BRK_IRQHandler                      0x08000117   Thumb Code     0  stm32f10x.o(.text)
    TIM1_CC_IRQHandler                       0x08000117   Thumb Code     0  stm32f10x.o(.text)
    TIM1_TRG_COM_IRQHandler                  0x08000117   Thumb Code     0  stm32f10x.o(.text)
    TIM1_UP_IRQHandler                       0x08000117   Thumb Code     0  stm32f10x.o(.text)
    TIM3_IRQHandler                          0x08000117   Thumb Code     0  stm32f10x.o(.text)
    TIM4_IRQHandler                          0x08000117   Thumb Code     0  stm32f10x.o(.text)
    USART1_IRQHandler                        0x08000117   Thumb Code     0  stm32f10x.o(.text)
    USART2_IRQHandler                        0x08000117   Thumb Code     0  stm32f10x.o(.text)
    USART3_IRQHandler                        0x08000117   Thumb Code     0  stm32f10x.o(.text)
    USBWakeUp_IRQHandler                     0x08000117   Thumb Code     0  stm32f10x.o(.text)
    USB_HP_CAN_TX_IRQHandler                 0x08000117   Thumb Code     0  stm32f10x.o(.text)
    USB_LP_CAN_RX0_IRQHandler                0x08000117   Thumb Code     0  stm32f10x.o(.text)
    WWDG_IRQHandler                          0x08000117   Thumb Code     0  stm32f10x.o(.text)
    Timer_init                               0x0800011d   Thumb Code    54  en_tete.o(.text)
    NVIC_init                                0x08000153   Thumb Code   112  en_tete.o(.text)
    EXTI_init                                0x080001c3   Thumb Code    78  en_tete.o(.text)
    GPIOInit                                 0x08000211   Thumb Code   164  en_tete.o(.text)
    flashInit                                0x080002b5   Thumb Code    16  en_tete.o(.text)
    clockInit                                0x080002c5   Thumb Code   106  en_tete.o(.text)
    main                                     0x0800032f   Thumb Code    32  en_tete.o(.text)
    EXTI0_IRQHandler                         0x0800034f   Thumb Code    10  en_tete.o(.text)
    EXTI15_10_IRQHandler                     0x08000359   Thumb Code    40  en_tete.o(.text)
    TIM2_IRQHandler                          0x08000381   Thumb Code    60  en_tete.o(.text)
    EXTI_DeInit                              0x080003c9   Thumb Code    28  stm32f10x_exti.o(.text)
    EXTI_Init                                0x080003e5   Thumb Code   150  stm32f10x_exti.o(.text)
    EXTI_StructInit                          0x0800047b   Thumb Code    16  stm32f10x_exti.o(.text)
    EXTI_GenerateSWInterrupt                 0x0800048b   Thumb Code    16  stm32f10x_exti.o(.text)
    EXTI_GetFlagStatus                       0x0800049b   Thumb Code    22  stm32f10x_exti.o(.text)
    EXTI_ClearFlag                           0x080004b1   Thumb Code     8  stm32f10x_exti.o(.text)
    EXTI_GetITStatus                         0x080004b9   Thumb Code    34  stm32f10x_exti.o(.text)
    EXTI_ClearITPendingBit                   0x080004db   Thumb Code     8  stm32f10x_exti.o(.text)
    FLASH_SetLatency                         0x080004ed   Thumb Code    22  stm32f10x_flash.o(.text)
    FLASH_HalfCycleAccessCmd                 0x08000503   Thumb Code    22  stm32f10x_flash.o(.text)
    FLASH_PrefetchBufferCmd                  0x08000519   Thumb Code    22  stm32f10x_flash.o(.text)
    FLASH_Unlock                             0x0800052f   Thumb Code    12  stm32f10x_flash.o(.text)
    FLASH_Lock                               0x0800053b   Thumb Code    14  stm32f10x_flash.o(.text)
    FLASH_GetStatus                          0x08000549   Thumb Code    48  stm32f10x_flash.o(.text)
    FLASH_WaitForLastOperation               0x08000593   Thumb Code    42  stm32f10x_flash.o(.text)
    FLASH_ErasePage                          0x080005bd   Thumb Code    76  stm32f10x_flash.o(.text)
    FLASH_EraseAllPages                      0x08000609   Thumb Code    72  stm32f10x_flash.o(.text)
    FLASH_EraseOptionBytes                   0x08000651   Thumb Code   142  stm32f10x_flash.o(.text)
    FLASH_ProgramWord                        0x080006df   Thumb Code   100  stm32f10x_flash.o(.text)
    FLASH_ProgramHalfWord                    0x08000743   Thumb Code    64  stm32f10x_flash.o(.text)
    FLASH_ProgramOptionByteData              0x08000783   Thumb Code    72  stm32f10x_flash.o(.text)
    FLASH_EnableWriteProtection              0x080007cb   Thumb Code   182  stm32f10x_flash.o(.text)
    FLASH_ReadOutProtection                  0x08000881   Thumb Code   174  stm32f10x_flash.o(.text)
    FLASH_UserOptionByteConfig               0x0800092f   Thumb Code    94  stm32f10x_flash.o(.text)
    FLASH_GetUserOptionByte                  0x0800098d   Thumb Code     8  stm32f10x_flash.o(.text)
    FLASH_GetWriteProtectionOptionByte       0x08000995   Thumb Code     6  stm32f10x_flash.o(.text)
    FLASH_GetReadOutProtectionStatus         0x0800099b   Thumb Code    20  stm32f10x_flash.o(.text)
    FLASH_GetPrefetchBufferStatus            0x080009af   Thumb Code    20  stm32f10x_flash.o(.text)
    FLASH_ITConfig                           0x080009c3   Thumb Code    26  stm32f10x_flash.o(.text)
    FLASH_GetFlagStatus                      0x080009dd   Thumb Code    42  stm32f10x_flash.o(.text)
    FLASH_ClearFlag                          0x08000a07   Thumb Code     6  stm32f10x_flash.o(.text)
    GPIO_DeInit                              0x08000a1d   Thumb Code   188  stm32f10x_gpio.o(.text)
    GPIO_AFIODeInit                          0x08000ad9   Thumb Code    20  stm32f10x_gpio.o(.text)
    GPIO_Init                                0x08000aed   Thumb Code   272  stm32f10x_gpio.o(.text)
    GPIO_StructInit                          0x08000bfd   Thumb Code    16  stm32f10x_gpio.o(.text)
    GPIO_ReadInputDataBit                    0x08000c0d   Thumb Code    18  stm32f10x_gpio.o(.text)
    GPIO_ReadInputData                       0x08000c1f   Thumb Code     8  stm32f10x_gpio.o(.text)
    GPIO_ReadOutputDataBit                   0x08000c27   Thumb Code    18  stm32f10x_gpio.o(.text)
    GPIO_ReadOutputData                      0x08000c39   Thumb Code     8  stm32f10x_gpio.o(.text)
    GPIO_SetBits                             0x08000c41   Thumb Code     4  stm32f10x_gpio.o(.text)
    GPIO_ResetBits                           0x08000c45   Thumb Code     4  stm32f10x_gpio.o(.text)
    GPIO_WriteBit                            0x08000c49   Thumb Code    10  stm32f10x_gpio.o(.text)
    GPIO_Write                               0x08000c53   Thumb Code     4  stm32f10x_gpio.o(.text)
    GPIO_PinLockConfig                       0x08000c57   Thumb Code    18  stm32f10x_gpio.o(.text)
    GPIO_EventOutputConfig                   0x08000c69   Thumb Code    26  stm32f10x_gpio.o(.text)
    GPIO_EventOutputCmd                      0x08000c83   Thumb Code     6  stm32f10x_gpio.o(.text)
    GPIO_PinRemapConfig                      0x08000c89   Thumb Code   106  stm32f10x_gpio.o(.text)
    GPIO_EXTILineConfig                      0x08000cf3   Thumb Code    66  stm32f10x_gpio.o(.text)
    NVIC_DeInit                              0x08000d45   Thumb Code    58  stm32f10x_nvic.o(.text)
    NVIC_SCBDeInit                           0x08000d7f   Thumb Code    76  stm32f10x_nvic.o(.text)
    NVIC_PriorityGroupConfig                 0x08000dcb   Thumb Code    12  stm32f10x_nvic.o(.text)
    NVIC_Init                                0x08000dd7   Thumb Code   154  stm32f10x_nvic.o(.text)
    NVIC_StructInit                          0x08000e71   Thumb Code    12  stm32f10x_nvic.o(.text)
    NVIC_SETPRIMASK                          0x08000e7d   Thumb Code     8  stm32f10x_nvic.o(.text)
    NVIC_RESETPRIMASK                        0x08000e85   Thumb Code     8  stm32f10x_nvic.o(.text)
    NVIC_SETFAULTMASK                        0x08000e8d   Thumb Code     8  stm32f10x_nvic.o(.text)
    NVIC_RESETFAULTMASK                      0x08000e95   Thumb Code     8  stm32f10x_nvic.o(.text)
    NVIC_BASEPRICONFIG                       0x08000e9d   Thumb Code    12  stm32f10x_nvic.o(.text)
    NVIC_GetBASEPRI                          0x08000ea9   Thumb Code     8  stm32f10x_nvic.o(.text)
    NVIC_GetCurrentPendingIRQChannel         0x08000eb1   Thumb Code    10  stm32f10x_nvic.o(.text)
    NVIC_GetIRQChannelPendingBitStatus       0x08000ebb   Thumb Code    42  stm32f10x_nvic.o(.text)
    NVIC_SetIRQChannelPendingBit             0x08000ee5   Thumb Code     6  stm32f10x_nvic.o(.text)
    NVIC_ClearIRQChannelPendingBit           0x08000eeb   Thumb Code    20  stm32f10x_nvic.o(.text)
    NVIC_GetCurrentActiveHandler             0x08000eff   Thumb Code    10  stm32f10x_nvic.o(.text)
    NVIC_GetIRQChannelActiveBitStatus        0x08000f09   Thumb Code    42  stm32f10x_nvic.o(.text)
    NVIC_GetCPUID                            0x08000f33   Thumb Code     8  stm32f10x_nvic.o(.text)
    NVIC_SetVectorTable                      0x08000f3b   Thumb Code    14  stm32f10x_nvic.o(.text)
    NVIC_GenerateSystemReset                 0x08000f49   Thumb Code    12  stm32f10x_nvic.o(.text)
    NVIC_GenerateCoreReset                   0x08000f55   Thumb Code    12  stm32f10x_nvic.o(.text)
    NVIC_SystemLPConfig                      0x08000f61   Thumb Code    34  stm32f10x_nvic.o(.text)
    NVIC_SystemHandlerConfig                 0x08000f83   Thumb Code    48  stm32f10x_nvic.o(.text)
    NVIC_SystemHandlerPriorityConfig         0x08000fb3   Thumb Code   110  stm32f10x_nvic.o(.text)
    NVIC_GetSystemHandlerPendingBitStatus    0x08001021   Thumb Code    44  stm32f10x_nvic.o(.text)
    NVIC_SetSystemHandlerPendingBit          0x0800104d   Thumb Code    22  stm32f10x_nvic.o(.text)
    NVIC_ClearSystemHandlerPendingBit        0x08001063   Thumb Code    26  stm32f10x_nvic.o(.text)
    NVIC_GetSystemHandlerActiveBitStatus     0x0800107d   Thumb Code    42  stm32f10x_nvic.o(.text)
    NVIC_GetFaultHandlerSources              0x080010a7   Thumb Code    66  stm32f10x_nvic.o(.text)
    NVIC_GetFaultAddress                     0x080010e9   Thumb Code    28  stm32f10x_nvic.o(.text)
    RCC_DeInit                               0x08001125   Thumb Code    62  stm32f10x_rcc.o(.text)
    RCC_HSEConfig                            0x08001163   Thumb Code    70  stm32f10x_rcc.o(.text)
    RCC_GetFlagStatus                        0x080011a9   Thumb Code    56  stm32f10x_rcc.o(.text)
    RCC_WaitForHSEStartUp                    0x080011e1   Thumb Code    62  stm32f10x_rcc.o(.text)
    RCC_AdjustHSICalibrationValue            0x0800121f   Thumb Code    20  stm32f10x_rcc.o(.text)
    RCC_HSICmd                               0x08001233   Thumb Code     6  stm32f10x_rcc.o(.text)
    RCC_PLLConfig                            0x08001239   Thumb Code    24  stm32f10x_rcc.o(.text)
    RCC_PLLCmd                               0x08001251   Thumb Code     6  stm32f10x_rcc.o(.text)
    RCC_SYSCLKConfig                         0x08001257   Thumb Code    18  stm32f10x_rcc.o(.text)
    RCC_GetSYSCLKSource                      0x08001269   Thumb Code    10  stm32f10x_rcc.o(.text)
    RCC_HCLKConfig                           0x08001273   Thumb Code    18  stm32f10x_rcc.o(.text)
    RCC_PCLK1Config                          0x08001285   Thumb Code    18  stm32f10x_rcc.o(.text)
    RCC_PCLK2Config                          0x08001297   Thumb Code    20  stm32f10x_rcc.o(.text)
    RCC_ITConfig                             0x080012ab   Thumb Code    26  stm32f10x_rcc.o(.text)
    RCC_USBCLKConfig                         0x080012c5   Thumb Code     6  stm32f10x_rcc.o(.text)
    RCC_ADCCLKConfig                         0x080012cb   Thumb Code    18  stm32f10x_rcc.o(.text)
    RCC_LSEConfig                            0x080012dd   Thumb Code    44  stm32f10x_rcc.o(.text)
    RCC_LSICmd                               0x08001309   Thumb Code     6  stm32f10x_rcc.o(.text)
    RCC_RTCCLKConfig                         0x0800130f   Thumb Code    12  stm32f10x_rcc.o(.text)
    RCC_RTCCLKCmd                            0x0800131b   Thumb Code     8  stm32f10x_rcc.o(.text)
    RCC_GetClocksFreq                        0x08001323   Thumb Code   192  stm32f10x_rcc.o(.text)
    RCC_AHBPeriphClockCmd                    0x080013e3   Thumb Code    26  stm32f10x_rcc.o(.text)
    RCC_APB2PeriphClockCmd                   0x080013fd   Thumb Code    26  stm32f10x_rcc.o(.text)
    RCC_APB1PeriphClockCmd                   0x08001417   Thumb Code    26  stm32f10x_rcc.o(.text)
    RCC_APB2PeriphResetCmd                   0x08001431   Thumb Code    26  stm32f10x_rcc.o(.text)
    RCC_APB1PeriphResetCmd                   0x0800144b   Thumb Code    26  stm32f10x_rcc.o(.text)
    RCC_BackupResetCmd                       0x08001465   Thumb Code     8  stm32f10x_rcc.o(.text)
    RCC_ClockSecuritySystemCmd               0x0800146d   Thumb Code     6  stm32f10x_rcc.o(.text)
    RCC_MCOConfig                            0x08001473   Thumb Code     6  stm32f10x_rcc.o(.text)
    RCC_ClearFlag                            0x08001479   Thumb Code    14  stm32f10x_rcc.o(.text)
    RCC_GetITStatus                          0x08001487   Thumb Code    20  stm32f10x_rcc.o(.text)
    RCC_ClearITPendingBit                    0x0800149b   Thumb Code     6  stm32f10x_rcc.o(.text)
    TIM_DeInit                               0x080014d5   Thumb Code   214  stm32f10x_tim.o(.text)
    TIM_TimeBaseInit                         0x080015ab   Thumb Code    50  stm32f10x_tim.o(.text)
    TIM_OC1Init                              0x080015dd   Thumb Code   110  stm32f10x_tim.o(.text)
    TIM_OC2Init                              0x0800164b   Thumb Code   148  stm32f10x_tim.o(.text)
    TIM_OC3Init                              0x080016df   Thumb Code   144  stm32f10x_tim.o(.text)
    TIM_OC4Init                              0x0800176f   Thumb Code   106  stm32f10x_tim.o(.text)
    TIM_SetIC4Prescaler                      0x080017d9   Thumb Code    26  stm32f10x_tim.o(.text)
    TIM_SetIC3Prescaler                      0x08001845   Thumb Code    18  stm32f10x_tim.o(.text)
    TIM_SetIC2Prescaler                      0x0800189f   Thumb Code    42  stm32f10x_tim.o(.text)
    TIM_SetIC1Prescaler                      0x08001919   Thumb Code    18  stm32f10x_tim.o(.text)
    TIM_ICInit                               0x08001963   Thumb Code   110  stm32f10x_tim.o(.text)
    TIM_PWMIConfig                           0x080019d1   Thumb Code   124  stm32f10x_tim.o(.text)
    TIM_BDTRConfig                           0x08001a4d   Thumb Code    32  stm32f10x_tim.o(.text)
    TIM_TimeBaseStructInit                   0x08001a6d   Thumb Code    18  stm32f10x_tim.o(.text)
    TIM_OCStructInit                         0x08001a7f   Thumb Code    20  stm32f10x_tim.o(.text)
    TIM_ICStructInit                         0x08001a93   Thumb Code    18  stm32f10x_tim.o(.text)
    TIM_BDTRStructInit                       0x08001aa5   Thumb Code    18  stm32f10x_tim.o(.text)
    TIM_Cmd                                  0x08001ab7   Thumb Code    24  stm32f10x_tim.o(.text)
    TIM_CtrlPWMOutputs                       0x08001acf   Thumb Code    30  stm32f10x_tim.o(.text)
    TIM_ITConfig                             0x08001aed   Thumb Code    18  stm32f10x_tim.o(.text)
    TIM_GenerateEvent                        0x08001aff   Thumb Code     4  stm32f10x_tim.o(.text)
    TIM_DMAConfig                            0x08001b03   Thumb Code    10  stm32f10x_tim.o(.text)
    TIM_DMACmd                               0x08001b0d   Thumb Code    18  stm32f10x_tim.o(.text)
    TIM_InternalClockConfig                  0x08001b1f   Thumb Code    12  stm32f10x_tim.o(.text)
    TIM_SelectInputTrigger                   0x08001b2b   Thumb Code    18  stm32f10x_tim.o(.text)
    TIM_ITRxExternalClockConfig              0x08001b3d   Thumb Code    24  stm32f10x_tim.o(.text)
    TIM_TIxExternalClockConfig               0x08001b55   Thumb Code    62  stm32f10x_tim.o(.text)
    TIM_ETRConfig                            0x08001b93   Thumb Code    30  stm32f10x_tim.o(.text)
    TIM_ETRClockMode1Config                  0x08001bb1   Thumb Code    54  stm32f10x_tim.o(.text)
    TIM_ETRClockMode2Config                  0x08001be7   Thumb Code    32  stm32f10x_tim.o(.text)
    TIM_PrescalerConfig                      0x08001c07   Thumb Code     6  stm32f10x_tim.o(.text)
    TIM_CounterModeConfig                    0x08001c0d   Thumb Code    18  stm32f10x_tim.o(.text)
    TIM_EncoderInterfaceConfig               0x08001c1f   Thumb Code    66  stm32f10x_tim.o(.text)
    TIM_ForcedOC1Config                      0x08001c61   Thumb Code    18  stm32f10x_tim.o(.text)
    TIM_ForcedOC2Config                      0x08001c73   Thumb Code    26  stm32f10x_tim.o(.text)
    TIM_ForcedOC3Config                      0x08001c8d   Thumb Code    18  stm32f10x_tim.o(.text)
    TIM_ForcedOC4Config                      0x08001c9f   Thumb Code    26  stm32f10x_tim.o(.text)
    TIM_ARRPreloadConfig                     0x08001cb9   Thumb Code    24  stm32f10x_tim.o(.text)
    TIM_SelectCOM                            0x08001cd1   Thumb Code    24  stm32f10x_tim.o(.text)
    TIM_SelectCCDMA                          0x08001ce9   Thumb Code    24  stm32f10x_tim.o(.text)
    TIM_CCPreloadControl                     0x08001d01   Thumb Code    24  stm32f10x_tim.o(.text)
    TIM_OC1PreloadConfig                     0x08001d19   Thumb Code    18  stm32f10x_tim.o(.text)
    TIM_OC2PreloadConfig                     0x08001d2b   Thumb Code    26  stm32f10x_tim.o(.text)
    TIM_OC3PreloadConfig                     0x08001d45   Thumb Code    18  stm32f10x_tim.o(.text)
    TIM_OC4PreloadConfig                     0x08001d57   Thumb Code    26  stm32f10x_tim.o(.text)
    TIM_OC1FastConfig                        0x08001d71   Thumb Code    18  stm32f10x_tim.o(.text)
    TIM_OC2FastConfig                        0x08001d83   Thumb Code    26  stm32f10x_tim.o(.text)
    TIM_OC3FastConfig                        0x08001d9d   Thumb Code    18  stm32f10x_tim.o(.text)
    TIM_OC4FastConfig                        0x08001daf   Thumb Code    26  stm32f10x_tim.o(.text)
    TIM_ClearOC1Ref                          0x08001dc9   Thumb Code    18  stm32f10x_tim.o(.text)
    TIM_ClearOC2Ref                          0x08001ddb   Thumb Code    24  stm32f10x_tim.o(.text)
    TIM_ClearOC3Ref                          0x08001df3   Thumb Code    18  stm32f10x_tim.o(.text)
    TIM_ClearOC4Ref                          0x08001e05   Thumb Code    24  stm32f10x_tim.o(.text)
    TIM_OC1PolarityConfig                    0x08001e1d   Thumb Code    18  stm32f10x_tim.o(.text)
    TIM_OC1NPolarityConfig                   0x08001e2f   Thumb Code    18  stm32f10x_tim.o(.text)
    TIM_OC2PolarityConfig                    0x08001e41   Thumb Code    26  stm32f10x_tim.o(.text)
    TIM_OC2NPolarityConfig                   0x08001e5b   Thumb Code    26  stm32f10x_tim.o(.text)
    TIM_OC3PolarityConfig                    0x08001e75   Thumb Code    26  stm32f10x_tim.o(.text)
    TIM_OC3NPolarityConfig                   0x08001e8f   Thumb Code    26  stm32f10x_tim.o(.text)
    TIM_OC4PolarityConfig                    0x08001ea9   Thumb Code    26  stm32f10x_tim.o(.text)
    TIM_CCxCmd                               0x08001ec3   Thumb Code    26  stm32f10x_tim.o(.text)
    TIM_CCxNCmd                              0x08001edd   Thumb Code    26  stm32f10x_tim.o(.text)
    TIM_SelectOCxM                           0x08001ef7   Thumb Code   108  stm32f10x_tim.o(.text)
    TIM_UpdateDisableConfig                  0x08001f63   Thumb Code    24  stm32f10x_tim.o(.text)
    TIM_UpdateRequestConfig                  0x08001f7b   Thumb Code    24  stm32f10x_tim.o(.text)
    TIM_SelectHallSensor                     0x08001f93   Thumb Code    24  stm32f10x_tim.o(.text)
    TIM_SelectOnePulseMode                   0x08001fab   Thumb Code    18  stm32f10x_tim.o(.text)
    TIM_SelectOutputTrigger                  0x08001fbd   Thumb Code    18  stm32f10x_tim.o(.text)
    TIM_SelectSlaveMode                      0x08001fcf   Thumb Code    18  stm32f10x_tim.o(.text)
    TIM_SelectMasterSlaveMode                0x08001fe1   Thumb Code    18  stm32f10x_tim.o(.text)
    TIM_SetCounter                           0x08001ff3   Thumb Code     4  stm32f10x_tim.o(.text)
    TIM_SetAutoreload                        0x08001ff7   Thumb Code     4  stm32f10x_tim.o(.text)
    TIM_SetCompare1                          0x08001ffb   Thumb Code     4  stm32f10x_tim.o(.text)
    TIM_SetCompare2                          0x08001fff   Thumb Code     4  stm32f10x_tim.o(.text)
    TIM_SetCompare3                          0x08002003   Thumb Code     4  stm32f10x_tim.o(.text)
    TIM_SetCompare4                          0x08002007   Thumb Code     6  stm32f10x_tim.o(.text)
    TIM_SetClockDivision                     0x0800200d   Thumb Code    14  stm32f10x_tim.o(.text)
    TIM_GetCapture1                          0x0800201b   Thumb Code     6  stm32f10x_tim.o(.text)
    TIM_GetCapture2                          0x08002021   Thumb Code     6  stm32f10x_tim.o(.text)
    TIM_GetCapture3                          0x08002027   Thumb Code     6  stm32f10x_tim.o(.text)
    TIM_GetCapture4                          0x0800202d   Thumb Code     8  stm32f10x_tim.o(.text)
    TIM_GetCounter                           0x08002035   Thumb Code     6  stm32f10x_tim.o(.text)
    TIM_GetPrescaler                         0x0800203b   Thumb Code     6  stm32f10x_tim.o(.text)
    TIM_GetFlagStatus                        0x08002041   Thumb Code    18  stm32f10x_tim.o(.text)
    TIM_ClearFlag                            0x08002053   Thumb Code     6  stm32f10x_tim.o(.text)
    TIM_GetITStatus                          0x08002059   Thumb Code    34  stm32f10x_tim.o(.text)
    TIM_ClearITPendingBit                    0x0800207b   Thumb Code     6  stm32f10x_tim.o(.text)
    __WFI                                    0x08002081   Thumb Code     0  cortexm3_macro.o(.text)
    __WFE                                    0x08002085   Thumb Code     0  cortexm3_macro.o(.text)
    __SEV                                    0x08002089   Thumb Code     0  cortexm3_macro.o(.text)
    __ISB                                    0x0800208d   Thumb Code     0  cortexm3_macro.o(.text)
    __DSB                                    0x08002093   Thumb Code     0  cortexm3_macro.o(.text)
    __DMB                                    0x08002099   Thumb Code     0  cortexm3_macro.o(.text)
    __SVC                                    0x0800209f   Thumb Code     0  cortexm3_macro.o(.text)
    __MRS_CONTROL                            0x080020a3   Thumb Code     0  cortexm3_macro.o(.text)
    __MSR_CONTROL                            0x080020a9   Thumb Code     0  cortexm3_macro.o(.text)
    __MRS_PSP                                0x080020b3   Thumb Code     0  cortexm3_macro.o(.text)
    __MSR_PSP                                0x080020b9   Thumb Code     0  cortexm3_macro.o(.text)
    __MRS_MSP                                0x080020bf   Thumb Code     0  cortexm3_macro.o(.text)
    __MSR_MSP                                0x080020c5   Thumb Code     0  cortexm3_macro.o(.text)
    __RESETPRIMASK                           0x080020cb   Thumb Code     0  cortexm3_macro.o(.text)
    __SETPRIMASK                             0x080020cf   Thumb Code     0  cortexm3_macro.o(.text)
    __READ_PRIMASK                           0x080020d3   Thumb Code     0  cortexm3_macro.o(.text)
    __SETFAULTMASK                           0x080020d9   Thumb Code     0  cortexm3_macro.o(.text)
    __RESETFAULTMASK                         0x080020dd   Thumb Code     0  cortexm3_macro.o(.text)
    __READ_FAULTMASK                         0x080020e1   Thumb Code     0  cortexm3_macro.o(.text)
    __BASEPRICONFIG                          0x080020e7   Thumb Code     0  cortexm3_macro.o(.text)
    __GetBASEPRI                             0x080020ed   Thumb Code     0  cortexm3_macro.o(.text)
    __REV_HalfWord                           0x080020f3   Thumb Code     0  cortexm3_macro.o(.text)
    __REV_Word                               0x080020f7   Thumb Code     0  cortexm3_macro.o(.text)
    __scatterload                            0x080020fd   Thumb Code    28  init.o(.text)
    __scatterload_rt2                        0x080020fd   Thumb Code     0  init.o(.text)
    __scatterload_copy                       0x08002121   Thumb Code    14  handlers.o(i.__scatterload_copy)
    __scatterload_null                       0x0800212f   Thumb Code     2  handlers.o(i.__scatterload_null)
    __scatterload_zeroinit                   0x08002131   Thumb Code    14  handlers.o(i.__scatterload_zeroinit)
    Region$$Table$$Base                      0x08002154   Number         0  anon$$obj.o(Region$$Table)
    Region$$Table$$Limit                     0x08002174   Number         0  anon$$obj.o(Region$$Table)
    __initial_sp                             0x20000208   Data           0  stm32f10x.o(STACK)



==============================================================================

Memory Map of the image

  Image Entry point : 0x08000101

  Load Region LR_1 (Base: 0x08000000, Size: 0x0000217c, Max: 0xffffffff, ABSOLUTE)

    Execution Region ER_RO (Base: 0x08000000, Size: 0x00002174, Max: 0xffffffff, ABSOLUTE)

    Base Addr    Size         Type   Attr      Idx    E Section Name        Object

    0x08000000   0x000000ec   Data   RO            3    RESET               stm32f10x.o
    0x080000ec   0x00000000   Code   RO          402  * .ARM.Collect$$$$00000000  mc_w.l(entry.o)
    0x080000ec   0x00000004   Code   RO          405    .ARM.Collect$$$$00000001  mc_w.l(entry2.o)
    0x080000f0   0x00000004   Code   RO          408    .ARM.Collect$$$$00000004  mc_w.l(entry5.o)
    0x080000f4   0x00000000   Code   RO          410    .ARM.Collect$$$$00000008  mc_w.l(entry7b.o)
    0x080000f4   0x00000000   Code   RO          412    .ARM.Collect$$$$0000000A  mc_w.l(entry8b.o)
    0x080000f4   0x00000008   Code   RO          413    .ARM.Collect$$$$0000000B  mc_w.l(entry9a.o)
    0x080000fc   0x00000000   Code   RO          415    .ARM.Collect$$$$0000000D  mc_w.l(entry10a.o)
    0x080000fc   0x00000000   Code   RO          417    .ARM.Collect$$$$0000000F  mc_w.l(entry11a.o)
    0x080000fc   0x00000004   Code   RO          406    .ARM.Collect$$$$00002712  mc_w.l(entry2.o)
    0x08000100   0x0000001c   Code   RO            4  * .text               stm32f10x.o
    0x0800011c   0x000002ac   Code   RO           10    .text               en_tete.o
    0x080003c8   0x00000124   Code   RO          207    .text               stm32f10x_exti.o
    0x080004ec   0x00000530   Code   RO          219    .text               stm32f10x_flash.o
    0x08000a1c   0x00000328   Code   RO          243    .text               stm32f10x_gpio.o
    0x08000d44   0x000003e0   Code   RO          288    .text               stm32f10x_nvic.o
    0x08001124   0x000003b0   Code   RO          312    .text               stm32f10x_rcc.o
    0x080014d4   0x00000bac   Code   RO          375    .text               stm32f10x_tim.o
    0x08002080   0x0000007a   Code   RO          399    .text               cortexm3_macro.o
    0x080020fa   0x00000002   PAD
    0x080020fc   0x00000024   Code   RO          419    .text               mc_w.l(init.o)
    0x08002120   0x0000000e   Code   RO          423    i.__scatterload_copy  mc_w.l(handlers.o)
    0x0800212e   0x00000002   Code   RO          424    i.__scatterload_null  mc_w.l(handlers.o)
    0x08002130   0x0000000e   Code   RO          425    i.__scatterload_zeroinit  mc_w.l(handlers.o)
    0x0800213e   0x00000014   Data   RO          313    .constdata          stm32f10x_rcc.o
    0x08002152   0x00000002   PAD
    0x08002154   0x00000020   Data   RO          421    Region$$Table       anon$$obj.o


    Execution Region ER_RW (Base: 0x20000000, Size: 0x00000008, Max: 0xffffffff, ABSOLUTE)

    Base Addr    Size         Type   Attr      Idx    E Section Name        Object

    0x20000000   0x00000005   Data   RW          314    .data               stm32f10x_rcc.o


    Execution Region ER_ZI (Base: 0x20000008, Size: 0x00000200, Max: 0xffffffff, ABSOLUTE)

    Base Addr    Size         Type   Attr      Idx    E Section Name        Object

    0x20000008   0x00000200   Zero   RW            1    STACK               stm32f10x.o


==============================================================================

Image component sizes


      Code (inc. data)   RO Data    RW Data    ZI Data      Debug   Object Name

       122          0          0          0          0        304   cortexm3_macro.o
       684         12          0          0          0      68817   en_tete.o
        28          4        236          0        512        720   stm32f10x.o
       292         10          0          0          0       2035   stm32f10x_exti.o
      1328         34          0          0          0       5738   stm32f10x_flash.o
       808         16          0          0          0       4991   stm32f10x_gpio.o
       992         32          0          0          0       6996   stm32f10x_nvic.o
       944         52         20          5          0       8512   stm32f10x_rcc.o
      2988         16          0          0          0      23428   stm32f10x_tim.o

    ----------------------------------------------------------------------
      8188        176        290          8        512     121541   Object Totals
         0          0         32          0          0          0   (incl. Generated)
         2          0          2          3          0          0   (incl. Padding)

    ----------------------------------------------------------------------

      Code (inc. data)   RO Data    RW Data    ZI Data      Debug   Library Member Name

         0          0          0          0          0          0   entry.o
         0          0          0          0          0          0   entry10a.o
         0          0          0          0          0          0   entry11a.o
         8          4          0          0          0          0   entry2.o
         4          0          0          0          0          0   entry5.o
         0          0          0          0          0          0   entry7b.o
         0          0          0          0          0          0   entry8b.o
         8          4          0          0          0          0   entry9a.o
        30          0          0          0          0          0   handlers.o
        36          8          0          0          0         68   init.o

    ----------------------------------------------------------------------
        86         16          0          0          0         68   Library Totals
         0          0          0          0          0          0   (incl. Padding)

    ----------------------------------------------------------------------

      Code (inc. data)   RO Data    RW Data    ZI Data      Debug   Library Name

        86         16          0          0          0         68   mc_w.l

    ----------------------------------------------------------------------
        86         16          0          0          0         68   Library Totals

    ----------------------------------------------------------------------

==============================================================================


      Code (inc. data)   RO Data    RW Data    ZI Data      Debug   

      8274        192        290          8        512     120621   Grand Totals
      8274        192        290          8        512     120621   ELF Image Totals
      8274        192        290          8          0          0   ROM Totals

==============================================================================

    Total RO  Size (Code + RO Data)                 8564 (   8.36kB)
    Total RW  Size (RW Data + ZI Data)               520 (   0.51kB)
    Total ROM Size (Code + RO Data + RW Data)       8572 (   8.37kB)

==============================================================================

