ARM Linker, 5.03 [Build 76] [MDK-ARM Lite]

==============================================================================

Section Cross References

    stm32f10x.o(RESET) refers to stm32f10x.o(STACK) for __initial_sp
    stm32f10x.o(RESET) refers to stm32f10x.o(.text) for Reset_Handler
    stm32f10x.o(RESET) refers to en_tete.o(.text) for EXTI0_IRQHandler
    stm32f10x.o(.text) refers to entry.o(.ARM.Collect$$$$00000000) for __main
    en_tete.o(.text) refers to stm32f10x_dma.o(.text) for DMA_Init
    en_tete.o(.text) refers to stm32f10x_nvic.o(.text) for NVIC_PriorityGroupConfig
    en_tete.o(.text) refers to stm32f10x_gpio.o(.text) for GPIO_EXTILineConfig
    en_tete.o(.text) refers to stm32f10x_exti.o(.text) for EXTI_Init
    en_tete.o(.text) refers to stm32f10x_flash.o(.text) for FLASH_SetLatency
    en_tete.o(.text) refers to stm32f10x_rcc.o(.text) for RCC_HSEConfig
    en_tete.o(.text) refers to en_tete.o(.constdata) for message1
    en_tete.o(.text) refers to en_tete.o(.bss) for message2
    stm32f10x_wwdg.o(.text) refers to stm32f10x_rcc.o(.text) for RCC_APB1PeriphResetCmd
    stm32f10x_adc.o(.text) refers to stm32f10x_rcc.o(.text) for RCC_APB2PeriphResetCmd
    stm32f10x_bkp.o(.text) refers to stm32f10x_rcc.o(.text) for RCC_BackupResetCmd
    stm32f10x_can.o(.text) refers to stm32f10x_rcc.o(.text) for RCC_APB1PeriphResetCmd
    stm32f10x_dac.o(.text) refers to stm32f10x_rcc.o(.text) for RCC_APB1PeriphResetCmd
    stm32f10x_gpio.o(.text) refers to stm32f10x_rcc.o(.text) for RCC_APB2PeriphResetCmd
    stm32f10x_i2c.o(.text) refers to stm32f10x_rcc.o(.text) for RCC_APB1PeriphResetCmd
    stm32f10x_nvic.o(.text) refers to cortexm3_macro.o(.text) for __SETPRIMASK
    stm32f10x_pwr.o(.text) refers to stm32f10x_rcc.o(.text) for RCC_APB1PeriphResetCmd
    stm32f10x_pwr.o(.text) refers to cortexm3_macro.o(.text) for __WFI
    stm32f10x_rcc.o(.text) refers to stm32f10x_rcc.o(.data) for HSEStatus
    stm32f10x_rcc.o(.text) refers to stm32f10x_rcc.o(.constdata) for APBAHBPrescTable
    stm32f10x_spi.o(.text) refers to stm32f10x_rcc.o(.text) for RCC_APB2PeriphResetCmd
    stm32f10x_tim.o(.text) refers to stm32f10x_rcc.o(.text) for RCC_APB2PeriphResetCmd
    stm32f10x_usart.o(.text) refers to stm32f10x_rcc.o(.text) for RCC_APB2PeriphResetCmd
    entry.o(.ARM.Collect$$$$00000000) refers (Special) to entry10a.o(.ARM.Collect$$$$0000000D) for __rt_final_cpp
    entry.o(.ARM.Collect$$$$00000000) refers (Special) to entry11a.o(.ARM.Collect$$$$0000000F) for __rt_final_exit
    entry.o(.ARM.Collect$$$$00000000) refers (Special) to entry7b.o(.ARM.Collect$$$$00000008) for _main_clock
    entry.o(.ARM.Collect$$$$00000000) refers (Special) to entry8b.o(.ARM.Collect$$$$0000000A) for _main_cpp_init
    entry.o(.ARM.Collect$$$$00000000) refers (Special) to entry9a.o(.ARM.Collect$$$$0000000B) for _main_init
    entry.o(.ARM.Collect$$$$00000000) refers (Special) to entry5.o(.ARM.Collect$$$$00000004) for _main_scatterload
    entry.o(.ARM.Collect$$$$00000000) refers (Special) to entry2.o(.ARM.Collect$$$$00000001) for _main_stk
    entry2.o(.ARM.Collect$$$$00000001) refers to entry2.o(.ARM.Collect$$$$00002712) for __lit__00000000
    entry2.o(.ARM.Collect$$$$00002712) refers to stm32f10x.o(STACK) for __initial_sp
    entry2.o(__vectab_stack_and_reset_area) refers to stm32f10x.o(STACK) for __initial_sp
    entry2.o(__vectab_stack_and_reset_area) refers to entry.o(.ARM.Collect$$$$00000000) for __main
    entry5.o(.ARM.Collect$$$$00000004) refers to init.o(.text) for __scatterload
    entry9a.o(.ARM.Collect$$$$0000000B) refers to en_tete.o(.text) for main
    entry9b.o(.ARM.Collect$$$$0000000C) refers to en_tete.o(.text) for main
    init.o(.text) refers to entry5.o(.ARM.Collect$$$$00000004) for __main_after_scatterload


==============================================================================

Removing Unused input sections from the image.

    Removing stm32f10x.o(HEAP), (0 bytes).
    Removing stm32f10x_wwdg.o(.text), (124 bytes).
    Removing stm32f10x_adc.o(.text), (1072 bytes).
    Removing stm32f10x_bkp.o(.text), (164 bytes).
    Removing stm32f10x_can.o(.text), (2100 bytes).
    Removing stm32f10x_crc.o(.text), (72 bytes).
    Removing stm32f10x_dac.o(.text), (336 bytes).
    Removing stm32f10x_dbgmcu.o(.text), (48 bytes).
    Removing stm32f10x_fsmc.o(.text), (1572 bytes).
    Removing stm32f10x_i2c.o(.text), (1054 bytes).
    Removing stm32f10x_iwdg.o(.text), (64 bytes).
    Removing stm32f10x_pwr.o(.text), (200 bytes).
    Removing stm32f10x_rtc.o(.text), (324 bytes).
    Removing stm32f10x_sdio.o(.text), (460 bytes).
    Removing stm32f10x_spi.o(.text), (824 bytes).
    Removing stm32f10x_systick.o(.text), (194 bytes).
    Removing stm32f10x_tim.o(.text), (2988 bytes).
    Removing stm32f10x_usart.o(.text), (880 bytes).

18 unused section(s) (total 12476 bytes) removed from the image.

==============================================================================

Image Symbol Table

    Local Symbols

    Symbol Name                              Value     Ov Type        Size  Object(Section)

    ../clib/microlib/init/entry.s            0x00000000   Number         0  entry7a.o ABSOLUTE
    ../clib/microlib/init/entry.s            0x00000000   Number         0  entry10b.o ABSOLUTE
    ../clib/microlib/init/entry.s            0x00000000   Number         0  entry10a.o ABSOLUTE
    ../clib/microlib/init/entry.s            0x00000000   Number         0  entry7b.o ABSOLUTE
    ../clib/microlib/init/entry.s            0x00000000   Number         0  entry9a.o ABSOLUTE
    ../clib/microlib/init/entry.s            0x00000000   Number         0  entry8b.o ABSOLUTE
    ../clib/microlib/init/entry.s            0x00000000   Number         0  entry5.o ABSOLUTE
    ../clib/microlib/init/entry.s            0x00000000   Number         0  entry8a.o ABSOLUTE
    ../clib/microlib/init/entry.s            0x00000000   Number         0  entry9b.o ABSOLUTE
    ../clib/microlib/init/entry.s            0x00000000   Number         0  entry2.o ABSOLUTE
    ../clib/microlib/init/entry.s            0x00000000   Number         0  entry.o ABSOLUTE
    ../clib/microlib/init/entry.s            0x00000000   Number         0  entry11a.o ABSOLUTE
    ../clib/microlib/init/entry.s            0x00000000   Number         0  entry11b.o ABSOLUTE
    STM32F10x.s                              0x00000000   Number         0  stm32f10x.o ABSOLUTE
    STM32F10x_LIB\cortexm3_macro.s           0x00000000   Number         0  cortexm3_macro.o ABSOLUTE
    STM32F10x_LIB\stm32f10x_adc.c            0x00000000   Number         0  stm32f10x_adc.o ABSOLUTE
    STM32F10x_LIB\stm32f10x_bkp.c            0x00000000   Number         0  stm32f10x_bkp.o ABSOLUTE
    STM32F10x_LIB\stm32f10x_can.c            0x00000000   Number         0  stm32f10x_can.o ABSOLUTE
    STM32F10x_LIB\stm32f10x_crc.c            0x00000000   Number         0  stm32f10x_crc.o ABSOLUTE
    STM32F10x_LIB\stm32f10x_dac.c            0x00000000   Number         0  stm32f10x_dac.o ABSOLUTE
    STM32F10x_LIB\stm32f10x_dbgmcu.c         0x00000000   Number         0  stm32f10x_dbgmcu.o ABSOLUTE
    STM32F10x_LIB\stm32f10x_dma.c            0x00000000   Number         0  stm32f10x_dma.o ABSOLUTE
    STM32F10x_LIB\stm32f10x_exti.c           0x00000000   Number         0  stm32f10x_exti.o ABSOLUTE
    STM32F10x_LIB\stm32f10x_flash.c          0x00000000   Number         0  stm32f10x_flash.o ABSOLUTE
    STM32F10x_LIB\stm32f10x_fsmc.c           0x00000000   Number         0  stm32f10x_fsmc.o ABSOLUTE
    STM32F10x_LIB\stm32f10x_gpio.c           0x00000000   Number         0  stm32f10x_gpio.o ABSOLUTE
    STM32F10x_LIB\stm32f10x_i2c.c            0x00000000   Number         0  stm32f10x_i2c.o ABSOLUTE
    STM32F10x_LIB\stm32f10x_iwdg.c           0x00000000   Number         0  stm32f10x_iwdg.o ABSOLUTE
    STM32F10x_LIB\stm32f10x_lib.c            0x00000000   Number         0  stm32f10x_lib.o ABSOLUTE
    STM32F10x_LIB\stm32f10x_nvic.c           0x00000000   Number         0  stm32f10x_nvic.o ABSOLUTE
    STM32F10x_LIB\stm32f10x_pwr.c            0x00000000   Number         0  stm32f10x_pwr.o ABSOLUTE
    STM32F10x_LIB\stm32f10x_rcc.c            0x00000000   Number         0  stm32f10x_rcc.o ABSOLUTE
    STM32F10x_LIB\stm32f10x_rtc.c            0x00000000   Number         0  stm32f10x_rtc.o ABSOLUTE
    STM32F10x_LIB\stm32f10x_sdio.c           0x00000000   Number         0  stm32f10x_sdio.o ABSOLUTE
    STM32F10x_LIB\stm32f10x_spi.c            0x00000000   Number         0  stm32f10x_spi.o ABSOLUTE
    STM32F10x_LIB\stm32f10x_systick.c        0x00000000   Number         0  stm32f10x_systick.o ABSOLUTE
    STM32F10x_LIB\stm32f10x_tim.c            0x00000000   Number         0  stm32f10x_tim.o ABSOLUTE
    STM32F10x_LIB\stm32f10x_usart.c          0x00000000   Number         0  stm32f10x_usart.o ABSOLUTE
    STM32F10x_LIB\stm32f10x_wwdg.c           0x00000000   Number         0  stm32f10x_wwdg.o ABSOLUTE
    dc.s                                     0x00000000   Number         0  dc.o ABSOLUTE
    en_tete.c                                0x00000000   Number         0  en_tete.o ABSOLUTE
    handlers.s                               0x00000000   Number         0  handlers.o ABSOLUTE
    init.s                                   0x00000000   Number         0  init.o ABSOLUTE
    RESET                                    0x08000000   Section      236  stm32f10x.o(RESET)
    .ARM.Collect$$$$00000000                 0x080000ec   Section        0  entry.o(.ARM.Collect$$$$00000000)
    .ARM.Collect$$$$00000001                 0x080000ec   Section        4  entry2.o(.ARM.Collect$$$$00000001)
    .ARM.Collect$$$$00000004                 0x080000f0   Section        4  entry5.o(.ARM.Collect$$$$00000004)
    .ARM.Collect$$$$00000008                 0x080000f4   Section        0  entry7b.o(.ARM.Collect$$$$00000008)
    .ARM.Collect$$$$0000000A                 0x080000f4   Section        0  entry8b.o(.ARM.Collect$$$$0000000A)
    .ARM.Collect$$$$0000000B                 0x080000f4   Section        8  entry9a.o(.ARM.Collect$$$$0000000B)
    .ARM.Collect$$$$0000000D                 0x080000fc   Section        0  entry10a.o(.ARM.Collect$$$$0000000D)
    .ARM.Collect$$$$0000000F                 0x080000fc   Section        0  entry11a.o(.ARM.Collect$$$$0000000F)
    .ARM.Collect$$$$00002712                 0x080000fc   Section        4  entry2.o(.ARM.Collect$$$$00002712)
    __lit__00000000                          0x080000fc   Data           4  entry2.o(.ARM.Collect$$$$00002712)
    .text                                    0x08000100   Section       28  stm32f10x.o(.text)
    .text                                    0x0800011c   Section        0  en_tete.o(.text)
    .text                                    0x08000300   Section        0  stm32f10x_dma.o(.text)
    .text                                    0x0800053c   Section        0  stm32f10x_exti.o(.text)
    .text                                    0x08000660   Section        0  stm32f10x_flash.o(.text)
    delay                                    0x080006ed   Thumb Code    26  stm32f10x_flash.o(.text)
    .text                                    0x08000b90   Section        0  stm32f10x_gpio.o(.text)
    .text                                    0x08000eb8   Section        0  stm32f10x_nvic.o(.text)
    .text                                    0x08001298   Section        0  stm32f10x_rcc.o(.text)
    .text                                    0x08001648   Section      122  cortexm3_macro.o(.text)
    .text                                    0x080016c4   Section       36  init.o(.text)
    i.__scatterload_copy                     0x080016e8   Section       14  handlers.o(i.__scatterload_copy)
    i.__scatterload_null                     0x080016f6   Section        2  handlers.o(i.__scatterload_null)
    i.__scatterload_zeroinit                 0x080016f8   Section       14  handlers.o(i.__scatterload_zeroinit)
    .constdata                               0x08001706   Section    10000  en_tete.o(.constdata)
    .constdata                               0x08003e16   Section       20  stm32f10x_rcc.o(.constdata)
    APBAHBPrescTable                         0x08003e16   Data          16  stm32f10x_rcc.o(.constdata)
    ADCPrescTable                            0x08003e26   Data           4  stm32f10x_rcc.o(.constdata)
    .data                                    0x20000000   Section        5  stm32f10x_rcc.o(.data)
    StartUpCounter                           0x20000000   Data           4  stm32f10x_rcc.o(.data)
    HSEStatus                                0x20000004   Data           1  stm32f10x_rcc.o(.data)
    .bss                                     0x20000008   Section    10000  en_tete.o(.bss)
    STACK                                    0x20002718   Section      512  stm32f10x.o(STACK)

    Global Symbols

    Symbol Name                              Value     Ov Type        Size  Object(Section)

    BuildAttributes$$THM_ISAv4$P$D$K$B$S$PE$A:L22UL41UL21$X:L11$S22US41US21$IEEE1$IW$USESV6$~STKCKD$USESV7$~SHL$OSPACE$EBA8$MICROLIB$REQ8$PRES8$EABIv2 0x00000000   Number         0  anon$$obj.o ABSOLUTE
    __ARM_use_no_argv                        0x00000000   Number         0  en_tete.o ABSOLUTE
    __cpp_initialize__aeabi_                  - Undefined Weak Reference
    __cxa_finalize                            - Undefined Weak Reference
    __decompress                              - Undefined Weak Reference
    _clock_init                               - Undefined Weak Reference
    _microlib_exit                            - Undefined Weak Reference
    __Vectors                                0x08000000   Data           4  stm32f10x.o(RESET)
    __main                                   0x080000ed   Thumb Code     0  entry.o(.ARM.Collect$$$$00000000)
    _main_stk                                0x080000ed   Thumb Code     0  entry2.o(.ARM.Collect$$$$00000001)
    _main_scatterload                        0x080000f1   Thumb Code     0  entry5.o(.ARM.Collect$$$$00000004)
    __main_after_scatterload                 0x080000f5   Thumb Code     0  entry5.o(.ARM.Collect$$$$00000004)
    _main_clock                              0x080000f5   Thumb Code     0  entry7b.o(.ARM.Collect$$$$00000008)
    _main_cpp_init                           0x080000f5   Thumb Code     0  entry8b.o(.ARM.Collect$$$$0000000A)
    _main_init                               0x080000f5   Thumb Code     0  entry9a.o(.ARM.Collect$$$$0000000B)
    __rt_final_cpp                           0x080000fd   Thumb Code     0  entry10a.o(.ARM.Collect$$$$0000000D)
    __rt_final_exit                          0x080000fd   Thumb Code     0  entry11a.o(.ARM.Collect$$$$0000000F)
    Reset_Handler                            0x08000101   Thumb Code     4  stm32f10x.o(.text)
    NMI_Handler                              0x08000105   Thumb Code     2  stm32f10x.o(.text)
    HardFault_Handler                        0x08000107   Thumb Code     2  stm32f10x.o(.text)
    MemManage_Handler                        0x08000109   Thumb Code     2  stm32f10x.o(.text)
    BusFault_Handler                         0x0800010b   Thumb Code     2  stm32f10x.o(.text)
    UsageFault_Handler                       0x0800010d   Thumb Code     2  stm32f10x.o(.text)
    SVC_Handler                              0x0800010f   Thumb Code     2  stm32f10x.o(.text)
    DebugMon_Handler                         0x08000111   Thumb Code     2  stm32f10x.o(.text)
    PendSV_Handler                           0x08000113   Thumb Code     2  stm32f10x.o(.text)
    SysTick_Handler                          0x08000115   Thumb Code     2  stm32f10x.o(.text)
    ADC_IRQHandler                           0x08000117   Thumb Code     0  stm32f10x.o(.text)
    CAN_RX1_IRQHandler                       0x08000117   Thumb Code     0  stm32f10x.o(.text)
    CAN_SCE_IRQHandler                       0x08000117   Thumb Code     0  stm32f10x.o(.text)
    DMAChannel2_IRQHandler                   0x08000117   Thumb Code     0  stm32f10x.o(.text)
    DMAChannel3_IRQHandler                   0x08000117   Thumb Code     0  stm32f10x.o(.text)
    DMAChannel4_IRQHandler                   0x08000117   Thumb Code     0  stm32f10x.o(.text)
    DMAChannel5_IRQHandler                   0x08000117   Thumb Code     0  stm32f10x.o(.text)
    DMAChannel6_IRQHandler                   0x08000117   Thumb Code     0  stm32f10x.o(.text)
    DMAChannel7_IRQHandler                   0x08000117   Thumb Code     0  stm32f10x.o(.text)
    EXTI15_10_IRQHandler                     0x08000117   Thumb Code     0  stm32f10x.o(.text)
    EXTI1_IRQHandler                         0x08000117   Thumb Code     0  stm32f10x.o(.text)
    EXTI2_IRQHandler                         0x08000117   Thumb Code     0  stm32f10x.o(.text)
    EXTI3_IRQHandler                         0x08000117   Thumb Code     0  stm32f10x.o(.text)
    EXTI4_IRQHandler                         0x08000117   Thumb Code     0  stm32f10x.o(.text)
    EXTI9_5_IRQHandler                       0x08000117   Thumb Code     0  stm32f10x.o(.text)
    FLASH_IRQHandler                         0x08000117   Thumb Code     0  stm32f10x.o(.text)
    I2C1_ER_IRQHandler                       0x08000117   Thumb Code     0  stm32f10x.o(.text)
    I2C1_EV_IRQHandler                       0x08000117   Thumb Code     0  stm32f10x.o(.text)
    I2C2_ER_IRQHandler                       0x08000117   Thumb Code     0  stm32f10x.o(.text)
    I2C2_EV_IRQHandler                       0x08000117   Thumb Code     0  stm32f10x.o(.text)
    PVD_IRQHandler                           0x08000117   Thumb Code     0  stm32f10x.o(.text)
    RCC_IRQHandler                           0x08000117   Thumb Code     0  stm32f10x.o(.text)
    RTCAlarm_IRQHandler                      0x08000117   Thumb Code     0  stm32f10x.o(.text)
    RTC_IRQHandler                           0x08000117   Thumb Code     0  stm32f10x.o(.text)
    SPI1_IRQHandler                          0x08000117   Thumb Code     0  stm32f10x.o(.text)
    SPI2_IRQHandler                          0x08000117   Thumb Code     0  stm32f10x.o(.text)
    TAMPER_IRQHandler                        0x08000117   Thumb Code     0  stm32f10x.o(.text)
    TIM1_BRK_IRQHandler                      0x08000117   Thumb Code     0  stm32f10x.o(.text)
    TIM1_CC_IRQHandler                       0x08000117   Thumb Code     0  stm32f10x.o(.text)
    TIM1_TRG_COM_IRQHandler                  0x08000117   Thumb Code     0  stm32f10x.o(.text)
    TIM1_UP_IRQHandler                       0x08000117   Thumb Code     0  stm32f10x.o(.text)
    TIM2_IRQHandler                          0x08000117   Thumb Code     0  stm32f10x.o(.text)
    TIM3_IRQHandler                          0x08000117   Thumb Code     0  stm32f10x.o(.text)
    TIM4_IRQHandler                          0x08000117   Thumb Code     0  stm32f10x.o(.text)
    USART1_IRQHandler                        0x08000117   Thumb Code     0  stm32f10x.o(.text)
    USART2_IRQHandler                        0x08000117   Thumb Code     0  stm32f10x.o(.text)
    USART3_IRQHandler                        0x08000117   Thumb Code     0  stm32f10x.o(.text)
    USBWakeUp_IRQHandler                     0x08000117   Thumb Code     0  stm32f10x.o(.text)
    USB_HP_CAN_TX_IRQHandler                 0x08000117   Thumb Code     0  stm32f10x.o(.text)
    USB_LP_CAN_RX0_IRQHandler                0x08000117   Thumb Code     0  stm32f10x.o(.text)
    WWDG_IRQHandler                          0x08000117   Thumb Code     0  stm32f10x.o(.text)
    DMA_init                                 0x0800011d   Thumb Code    70  en_tete.o(.text)
    NVIC_init                                0x08000163   Thumb Code    40  en_tete.o(.text)
    EXTI_init                                0x0800018b   Thumb Code    40  en_tete.o(.text)
    GPIO_init                                0x080001b3   Thumb Code    58  en_tete.o(.text)
    FLASH_init                               0x080001ed   Thumb Code    16  en_tete.o(.text)
    CLOCK_init                               0x080001fd   Thumb Code   104  en_tete.o(.text)
    main                                     0x08000265   Thumb Code    64  en_tete.o(.text)
    EXTI0_IRQHandler                         0x080002a5   Thumb Code    36  en_tete.o(.text)
    DMAChannel1_IRQHandler                   0x080002c9   Thumb Code    36  en_tete.o(.text)
    DMA_DeInit                               0x08000301   Thumb Code   306  stm32f10x_dma.o(.text)
    DMA_Init                                 0x08000433   Thumb Code    60  stm32f10x_dma.o(.text)
    DMA_StructInit                           0x0800046f   Thumb Code    26  stm32f10x_dma.o(.text)
    DMA_Cmd                                  0x08000489   Thumb Code    22  stm32f10x_dma.o(.text)
    DMA_ITConfig                             0x0800049f   Thumb Code    18  stm32f10x_dma.o(.text)
    DMA_GetCurrDataCounter                   0x080004b1   Thumb Code     8  stm32f10x_dma.o(.text)
    DMA_GetFlagStatus                        0x080004b9   Thumb Code    38  stm32f10x_dma.o(.text)
    DMA_ClearFlag                            0x080004df   Thumb Code    20  stm32f10x_dma.o(.text)
    DMA_GetITStatus                          0x080004f3   Thumb Code    38  stm32f10x_dma.o(.text)
    DMA_ClearITPendingBit                    0x08000519   Thumb Code    20  stm32f10x_dma.o(.text)
    EXTI_DeInit                              0x0800053d   Thumb Code    28  stm32f10x_exti.o(.text)
    EXTI_Init                                0x08000559   Thumb Code   150  stm32f10x_exti.o(.text)
    EXTI_StructInit                          0x080005ef   Thumb Code    16  stm32f10x_exti.o(.text)
    EXTI_GenerateSWInterrupt                 0x080005ff   Thumb Code    16  stm32f10x_exti.o(.text)
    EXTI_GetFlagStatus                       0x0800060f   Thumb Code    22  stm32f10x_exti.o(.text)
    EXTI_ClearFlag                           0x08000625   Thumb Code     8  stm32f10x_exti.o(.text)
    EXTI_GetITStatus                         0x0800062d   Thumb Code    34  stm32f10x_exti.o(.text)
    EXTI_ClearITPendingBit                   0x0800064f   Thumb Code     8  stm32f10x_exti.o(.text)
    FLASH_SetLatency                         0x08000661   Thumb Code    22  stm32f10x_flash.o(.text)
    FLASH_HalfCycleAccessCmd                 0x08000677   Thumb Code    22  stm32f10x_flash.o(.text)
    FLASH_PrefetchBufferCmd                  0x0800068d   Thumb Code    22  stm32f10x_flash.o(.text)
    FLASH_Unlock                             0x080006a3   Thumb Code    12  stm32f10x_flash.o(.text)
    FLASH_Lock                               0x080006af   Thumb Code    14  stm32f10x_flash.o(.text)
    FLASH_GetStatus                          0x080006bd   Thumb Code    48  stm32f10x_flash.o(.text)
    FLASH_WaitForLastOperation               0x08000707   Thumb Code    42  stm32f10x_flash.o(.text)
    FLASH_ErasePage                          0x08000731   Thumb Code    76  stm32f10x_flash.o(.text)
    FLASH_EraseAllPages                      0x0800077d   Thumb Code    72  stm32f10x_flash.o(.text)
    FLASH_EraseOptionBytes                   0x080007c5   Thumb Code   142  stm32f10x_flash.o(.text)
    FLASH_ProgramWord                        0x08000853   Thumb Code   100  stm32f10x_flash.o(.text)
    FLASH_ProgramHalfWord                    0x080008b7   Thumb Code    64  stm32f10x_flash.o(.text)
    FLASH_ProgramOptionByteData              0x080008f7   Thumb Code    72  stm32f10x_flash.o(.text)
    FLASH_EnableWriteProtection              0x0800093f   Thumb Code   182  stm32f10x_flash.o(.text)
    FLASH_ReadOutProtection                  0x080009f5   Thumb Code   174  stm32f10x_flash.o(.text)
    FLASH_UserOptionByteConfig               0x08000aa3   Thumb Code    94  stm32f10x_flash.o(.text)
    FLASH_GetUserOptionByte                  0x08000b01   Thumb Code     8  stm32f10x_flash.o(.text)
    FLASH_GetWriteProtectionOptionByte       0x08000b09   Thumb Code     6  stm32f10x_flash.o(.text)
    FLASH_GetReadOutProtectionStatus         0x08000b0f   Thumb Code    20  stm32f10x_flash.o(.text)
    FLASH_GetPrefetchBufferStatus            0x08000b23   Thumb Code    20  stm32f10x_flash.o(.text)
    FLASH_ITConfig                           0x08000b37   Thumb Code    26  stm32f10x_flash.o(.text)
    FLASH_GetFlagStatus                      0x08000b51   Thumb Code    42  stm32f10x_flash.o(.text)
    FLASH_ClearFlag                          0x08000b7b   Thumb Code     6  stm32f10x_flash.o(.text)
    GPIO_DeInit                              0x08000b91   Thumb Code   188  stm32f10x_gpio.o(.text)
    GPIO_AFIODeInit                          0x08000c4d   Thumb Code    20  stm32f10x_gpio.o(.text)
    GPIO_Init                                0x08000c61   Thumb Code   272  stm32f10x_gpio.o(.text)
    GPIO_StructInit                          0x08000d71   Thumb Code    16  stm32f10x_gpio.o(.text)
    GPIO_ReadInputDataBit                    0x08000d81   Thumb Code    18  stm32f10x_gpio.o(.text)
    GPIO_ReadInputData                       0x08000d93   Thumb Code     8  stm32f10x_gpio.o(.text)
    GPIO_ReadOutputDataBit                   0x08000d9b   Thumb Code    18  stm32f10x_gpio.o(.text)
    GPIO_ReadOutputData                      0x08000dad   Thumb Code     8  stm32f10x_gpio.o(.text)
    GPIO_SetBits                             0x08000db5   Thumb Code     4  stm32f10x_gpio.o(.text)
    GPIO_ResetBits                           0x08000db9   Thumb Code     4  stm32f10x_gpio.o(.text)
    GPIO_WriteBit                            0x08000dbd   Thumb Code    10  stm32f10x_gpio.o(.text)
    GPIO_Write                               0x08000dc7   Thumb Code     4  stm32f10x_gpio.o(.text)
    GPIO_PinLockConfig                       0x08000dcb   Thumb Code    18  stm32f10x_gpio.o(.text)
    GPIO_EventOutputConfig                   0x08000ddd   Thumb Code    26  stm32f10x_gpio.o(.text)
    GPIO_EventOutputCmd                      0x08000df7   Thumb Code     6  stm32f10x_gpio.o(.text)
    GPIO_PinRemapConfig                      0x08000dfd   Thumb Code   106  stm32f10x_gpio.o(.text)
    GPIO_EXTILineConfig                      0x08000e67   Thumb Code    66  stm32f10x_gpio.o(.text)
    NVIC_DeInit                              0x08000eb9   Thumb Code    58  stm32f10x_nvic.o(.text)
    NVIC_SCBDeInit                           0x08000ef3   Thumb Code    76  stm32f10x_nvic.o(.text)
    NVIC_PriorityGroupConfig                 0x08000f3f   Thumb Code    12  stm32f10x_nvic.o(.text)
    NVIC_Init                                0x08000f4b   Thumb Code   154  stm32f10x_nvic.o(.text)
    NVIC_StructInit                          0x08000fe5   Thumb Code    12  stm32f10x_nvic.o(.text)
    NVIC_SETPRIMASK                          0x08000ff1   Thumb Code     8  stm32f10x_nvic.o(.text)
    NVIC_RESETPRIMASK                        0x08000ff9   Thumb Code     8  stm32f10x_nvic.o(.text)
    NVIC_SETFAULTMASK                        0x08001001   Thumb Code     8  stm32f10x_nvic.o(.text)
    NVIC_RESETFAULTMASK                      0x08001009   Thumb Code     8  stm32f10x_nvic.o(.text)
    NVIC_BASEPRICONFIG                       0x08001011   Thumb Code    12  stm32f10x_nvic.o(.text)
    NVIC_GetBASEPRI                          0x0800101d   Thumb Code     8  stm32f10x_nvic.o(.text)
    NVIC_GetCurrentPendingIRQChannel         0x08001025   Thumb Code    10  stm32f10x_nvic.o(.text)
    NVIC_GetIRQChannelPendingBitStatus       0x0800102f   Thumb Code    42  stm32f10x_nvic.o(.text)
    NVIC_SetIRQChannelPendingBit             0x08001059   Thumb Code     6  stm32f10x_nvic.o(.text)
    NVIC_ClearIRQChannelPendingBit           0x0800105f   Thumb Code    20  stm32f10x_nvic.o(.text)
    NVIC_GetCurrentActiveHandler             0x08001073   Thumb Code    10  stm32f10x_nvic.o(.text)
    NVIC_GetIRQChannelActiveBitStatus        0x0800107d   Thumb Code    42  stm32f10x_nvic.o(.text)
    NVIC_GetCPUID                            0x080010a7   Thumb Code     8  stm32f10x_nvic.o(.text)
    NVIC_SetVectorTable                      0x080010af   Thumb Code    14  stm32f10x_nvic.o(.text)
    NVIC_GenerateSystemReset                 0x080010bd   Thumb Code    12  stm32f10x_nvic.o(.text)
    NVIC_GenerateCoreReset                   0x080010c9   Thumb Code    12  stm32f10x_nvic.o(.text)
    NVIC_SystemLPConfig                      0x080010d5   Thumb Code    34  stm32f10x_nvic.o(.text)
    NVIC_SystemHandlerConfig                 0x080010f7   Thumb Code    48  stm32f10x_nvic.o(.text)
    NVIC_SystemHandlerPriorityConfig         0x08001127   Thumb Code   110  stm32f10x_nvic.o(.text)
    NVIC_GetSystemHandlerPendingBitStatus    0x08001195   Thumb Code    44  stm32f10x_nvic.o(.text)
    NVIC_SetSystemHandlerPendingBit          0x080011c1   Thumb Code    22  stm32f10x_nvic.o(.text)
    NVIC_ClearSystemHandlerPendingBit        0x080011d7   Thumb Code    26  stm32f10x_nvic.o(.text)
    NVIC_GetSystemHandlerActiveBitStatus     0x080011f1   Thumb Code    42  stm32f10x_nvic.o(.text)
    NVIC_GetFaultHandlerSources              0x0800121b   Thumb Code    66  stm32f10x_nvic.o(.text)
    NVIC_GetFaultAddress                     0x0800125d   Thumb Code    28  stm32f10x_nvic.o(.text)
    RCC_DeInit                               0x08001299   Thumb Code    62  stm32f10x_rcc.o(.text)
    RCC_HSEConfig                            0x080012d7   Thumb Code    70  stm32f10x_rcc.o(.text)
    RCC_GetFlagStatus                        0x0800131d   Thumb Code    56  stm32f10x_rcc.o(.text)
    RCC_WaitForHSEStartUp                    0x08001355   Thumb Code    62  stm32f10x_rcc.o(.text)
    RCC_AdjustHSICalibrationValue            0x08001393   Thumb Code    20  stm32f10x_rcc.o(.text)
    RCC_HSICmd                               0x080013a7   Thumb Code     6  stm32f10x_rcc.o(.text)
    RCC_PLLConfig                            0x080013ad   Thumb Code    24  stm32f10x_rcc.o(.text)
    RCC_PLLCmd                               0x080013c5   Thumb Code     6  stm32f10x_rcc.o(.text)
    RCC_SYSCLKConfig                         0x080013cb   Thumb Code    18  stm32f10x_rcc.o(.text)
    RCC_GetSYSCLKSource                      0x080013dd   Thumb Code    10  stm32f10x_rcc.o(.text)
    RCC_HCLKConfig                           0x080013e7   Thumb Code    18  stm32f10x_rcc.o(.text)
    RCC_PCLK1Config                          0x080013f9   Thumb Code    18  stm32f10x_rcc.o(.text)
    RCC_PCLK2Config                          0x0800140b   Thumb Code    20  stm32f10x_rcc.o(.text)
    RCC_ITConfig                             0x0800141f   Thumb Code    26  stm32f10x_rcc.o(.text)
    RCC_USBCLKConfig                         0x08001439   Thumb Code     6  stm32f10x_rcc.o(.text)
    RCC_ADCCLKConfig                         0x0800143f   Thumb Code    18  stm32f10x_rcc.o(.text)
    RCC_LSEConfig                            0x08001451   Thumb Code    44  stm32f10x_rcc.o(.text)
    RCC_LSICmd                               0x0800147d   Thumb Code     6  stm32f10x_rcc.o(.text)
    RCC_RTCCLKConfig                         0x08001483   Thumb Code    12  stm32f10x_rcc.o(.text)
    RCC_RTCCLKCmd                            0x0800148f   Thumb Code     8  stm32f10x_rcc.o(.text)
    RCC_GetClocksFreq                        0x08001497   Thumb Code   192  stm32f10x_rcc.o(.text)
    RCC_AHBPeriphClockCmd                    0x08001557   Thumb Code    26  stm32f10x_rcc.o(.text)
    RCC_APB2PeriphClockCmd                   0x08001571   Thumb Code    26  stm32f10x_rcc.o(.text)
    RCC_APB1PeriphClockCmd                   0x0800158b   Thumb Code    26  stm32f10x_rcc.o(.text)
    RCC_APB2PeriphResetCmd                   0x080015a5   Thumb Code    26  stm32f10x_rcc.o(.text)
    RCC_APB1PeriphResetCmd                   0x080015bf   Thumb Code    26  stm32f10x_rcc.o(.text)
    RCC_BackupResetCmd                       0x080015d9   Thumb Code     8  stm32f10x_rcc.o(.text)
    RCC_ClockSecuritySystemCmd               0x080015e1   Thumb Code     6  stm32f10x_rcc.o(.text)
    RCC_MCOConfig                            0x080015e7   Thumb Code     6  stm32f10x_rcc.o(.text)
    RCC_ClearFlag                            0x080015ed   Thumb Code    14  stm32f10x_rcc.o(.text)
    RCC_GetITStatus                          0x080015fb   Thumb Code    20  stm32f10x_rcc.o(.text)
    RCC_ClearITPendingBit                    0x0800160f   Thumb Code     6  stm32f10x_rcc.o(.text)
    __WFI                                    0x08001649   Thumb Code     0  cortexm3_macro.o(.text)
    __WFE                                    0x0800164d   Thumb Code     0  cortexm3_macro.o(.text)
    __SEV                                    0x08001651   Thumb Code     0  cortexm3_macro.o(.text)
    __ISB                                    0x08001655   Thumb Code     0  cortexm3_macro.o(.text)
    __DSB                                    0x0800165b   Thumb Code     0  cortexm3_macro.o(.text)
    __DMB                                    0x08001661   Thumb Code     0  cortexm3_macro.o(.text)
    __SVC                                    0x08001667   Thumb Code     0  cortexm3_macro.o(.text)
    __MRS_CONTROL                            0x0800166b   Thumb Code     0  cortexm3_macro.o(.text)
    __MSR_CONTROL                            0x08001671   Thumb Code     0  cortexm3_macro.o(.text)
    __MRS_PSP                                0x0800167b   Thumb Code     0  cortexm3_macro.o(.text)
    __MSR_PSP                                0x08001681   Thumb Code     0  cortexm3_macro.o(.text)
    __MRS_MSP                                0x08001687   Thumb Code     0  cortexm3_macro.o(.text)
    __MSR_MSP                                0x0800168d   Thumb Code     0  cortexm3_macro.o(.text)
    __RESETPRIMASK                           0x08001693   Thumb Code     0  cortexm3_macro.o(.text)
    __SETPRIMASK                             0x08001697   Thumb Code     0  cortexm3_macro.o(.text)
    __READ_PRIMASK                           0x0800169b   Thumb Code     0  cortexm3_macro.o(.text)
    __SETFAULTMASK                           0x080016a1   Thumb Code     0  cortexm3_macro.o(.text)
    __RESETFAULTMASK                         0x080016a5   Thumb Code     0  cortexm3_macro.o(.text)
    __READ_FAULTMASK                         0x080016a9   Thumb Code     0  cortexm3_macro.o(.text)
    __BASEPRICONFIG                          0x080016af   Thumb Code     0  cortexm3_macro.o(.text)
    __GetBASEPRI                             0x080016b5   Thumb Code     0  cortexm3_macro.o(.text)
    __REV_HalfWord                           0x080016bb   Thumb Code     0  cortexm3_macro.o(.text)
    __REV_Word                               0x080016bf   Thumb Code     0  cortexm3_macro.o(.text)
    __scatterload                            0x080016c5   Thumb Code    28  init.o(.text)
    __scatterload_rt2                        0x080016c5   Thumb Code     0  init.o(.text)
    __scatterload_copy                       0x080016e9   Thumb Code    14  handlers.o(i.__scatterload_copy)
    __scatterload_null                       0x080016f7   Thumb Code     2  handlers.o(i.__scatterload_null)
    __scatterload_zeroinit                   0x080016f9   Thumb Code    14  handlers.o(i.__scatterload_zeroinit)
    message1                                 0x08001706   Data       10000  en_tete.o(.constdata)
    Region$$Table$$Base                      0x08003e2c   Number         0  anon$$obj.o(Region$$Table)
    Region$$Table$$Limit                     0x08003e4c   Number         0  anon$$obj.o(Region$$Table)
    message2                                 0x20000008   Data       10000  en_tete.o(.bss)
    __initial_sp                             0x20002918   Data           0  stm32f10x.o(STACK)



==============================================================================

Memory Map of the image

  Image Entry point : 0x08000101

  Load Region LR_1 (Base: 0x08000000, Size: 0x00003e54, Max: 0xffffffff, ABSOLUTE)

    Execution Region ER_RO (Base: 0x08000000, Size: 0x00003e4c, Max: 0xffffffff, ABSOLUTE)

    Base Addr    Size         Type   Attr      Idx    E Section Name        Object

    0x08000000   0x000000ec   Data   RO            3    RESET               stm32f10x.o
    0x080000ec   0x00000000   Code   RO          402  * .ARM.Collect$$$$00000000  mc_w.l(entry.o)
    0x080000ec   0x00000004   Code   RO          405    .ARM.Collect$$$$00000001  mc_w.l(entry2.o)
    0x080000f0   0x00000004   Code   RO          408    .ARM.Collect$$$$00000004  mc_w.l(entry5.o)
    0x080000f4   0x00000000   Code   RO          410    .ARM.Collect$$$$00000008  mc_w.l(entry7b.o)
    0x080000f4   0x00000000   Code   RO          412    .ARM.Collect$$$$0000000A  mc_w.l(entry8b.o)
    0x080000f4   0x00000008   Code   RO          413    .ARM.Collect$$$$0000000B  mc_w.l(entry9a.o)
    0x080000fc   0x00000000   Code   RO          415    .ARM.Collect$$$$0000000D  mc_w.l(entry10a.o)
    0x080000fc   0x00000000   Code   RO          417    .ARM.Collect$$$$0000000F  mc_w.l(entry11a.o)
    0x080000fc   0x00000004   Code   RO          406    .ARM.Collect$$$$00002712  mc_w.l(entry2.o)
    0x08000100   0x0000001c   Code   RO            4  * .text               stm32f10x.o
    0x0800011c   0x000001e4   Code   RO           10    .text               en_tete.o
    0x08000300   0x0000023c   Code   RO          195    .text               stm32f10x_dma.o
    0x0800053c   0x00000124   Code   RO          207    .text               stm32f10x_exti.o
    0x08000660   0x00000530   Code   RO          219    .text               stm32f10x_flash.o
    0x08000b90   0x00000328   Code   RO          243    .text               stm32f10x_gpio.o
    0x08000eb8   0x000003e0   Code   RO          288    .text               stm32f10x_nvic.o
    0x08001298   0x000003b0   Code   RO          312    .text               stm32f10x_rcc.o
    0x08001648   0x0000007a   Code   RO          399    .text               cortexm3_macro.o
    0x080016c2   0x00000002   PAD
    0x080016c4   0x00000024   Code   RO          419    .text               mc_w.l(init.o)
    0x080016e8   0x0000000e   Code   RO          423    i.__scatterload_copy  mc_w.l(handlers.o)
    0x080016f6   0x00000002   Code   RO          424    i.__scatterload_null  mc_w.l(handlers.o)
    0x080016f8   0x0000000e   Code   RO          425    i.__scatterload_zeroinit  mc_w.l(handlers.o)
    0x08001706   0x00002710   Data   RO           12    .constdata          en_tete.o
    0x08003e16   0x00000014   Data   RO          313    .constdata          stm32f10x_rcc.o
    0x08003e2a   0x00000002   PAD
    0x08003e2c   0x00000020   Data   RO          421    Region$$Table       anon$$obj.o


    Execution Region ER_RW (Base: 0x20000000, Size: 0x00000008, Max: 0xffffffff, ABSOLUTE)

    Base Addr    Size         Type   Attr      Idx    E Section Name        Object

    0x20000000   0x00000005   Data   RW          314    .data               stm32f10x_rcc.o


    Execution Region ER_ZI (Base: 0x20000008, Size: 0x00002910, Max: 0xffffffff, ABSOLUTE)

    Base Addr    Size         Type   Attr      Idx    E Section Name        Object

    0x20000008   0x00002710   Zero   RW           11    .bss                en_tete.o
    0x20002718   0x00000200   Zero   RW            1    STACK               stm32f10x.o


==============================================================================

Image component sizes


      Code (inc. data)   RO Data    RW Data    ZI Data      Debug   Object Name

       122          0          0          0          0        304   cortexm3_macro.o
       484         20      10000          0      10000      56376   en_tete.o
        28          4        236          0        512        720   stm32f10x.o
       572         16          0          0          0       3303   stm32f10x_dma.o
       292         10          0          0          0       2035   stm32f10x_exti.o
      1328         34          0          0          0       5738   stm32f10x_flash.o
       808         16          0          0          0       4991   stm32f10x_gpio.o
       992         32          0          0          0       6996   stm32f10x_nvic.o
       944         52         20          5          0       8512   stm32f10x_rcc.o

    ----------------------------------------------------------------------
      5572        184      10290          8      10512      88975   Object Totals
         0          0         32          0          0          0   (incl. Generated)
         2          0          2          3          0          0   (incl. Padding)

    ----------------------------------------------------------------------

      Code (inc. data)   RO Data    RW Data    ZI Data      Debug   Library Member Name

         0          0          0          0          0          0   entry.o
         0          0          0          0          0          0   entry10a.o
         0          0          0          0          0          0   entry11a.o
         8          4          0          0          0          0   entry2.o
         4          0          0          0          0          0   entry5.o
         0          0          0          0          0          0   entry7b.o
         0          0          0          0          0          0   entry8b.o
         8          4          0          0          0          0   entry9a.o
        30          0          0          0          0          0   handlers.o
        36          8          0          0          0         68   init.o

    ----------------------------------------------------------------------
        86         16          0          0          0         68   Library Totals
         0          0          0          0          0          0   (incl. Padding)

    ----------------------------------------------------------------------

      Code (inc. data)   RO Data    RW Data    ZI Data      Debug   Library Name

        86         16          0          0          0         68   mc_w.l

    ----------------------------------------------------------------------
        86         16          0          0          0         68   Library Totals

    ----------------------------------------------------------------------

==============================================================================


      Code (inc. data)   RO Data    RW Data    ZI Data      Debug   

      5658        200      10290          8      10512      88055   Grand Totals
      5658        200      10290          8      10512      88055   ELF Image Totals
      5658        200      10290          8          0          0   ROM Totals

==============================================================================

    Total RO  Size (Code + RO Data)                15948 (  15.57kB)
    Total RW  Size (RW Data + ZI Data)             10520 (  10.27kB)
    Total ROM Size (Code + RO Data + RW Data)      15956 (  15.58kB)

==============================================================================

