<html>
<body>
<pre>
<h1>µVision Build Log</h1>
<h2>Project:</h2>
C:\Users\picas\Documents\Mines\SAM2\SAM3\RTX_Cortex.uvproj
Project File Date:  09/02/2020

<h2>Output:</h2>
Build target 'MCBSTM32'
compiling en_tete.c...
linking...
Program Size: Code=9938 RO-data=290 RW-data=8 ZI-data=1536  
".\RTX_Cortex.axf" - 0 Errors, 0 Warning(s).
Load "C:\\Users\\picas\\Documents\\Mines\\SAM2\\SAM3\\RTX_Cortex.axf" 
Erase Done.
Programming Done.
Verify OK.
Build target 'MCBSTM32'
compiling en_tete.c...
linking...
Program Size: Code=9946 RO-data=290 RW-data=8 ZI-data=1536  
".\RTX_Cortex.axf" - 0 Errors, 0 Warning(s).
Load "C:\\Users\\picas\\Documents\\Mines\\SAM2\\SAM3\\RTX_Cortex.axf" 
Erase Done.
Programming Done.
Verify OK.
Build target 'MCBSTM32'
compiling en_tete.c...
linking...
Program Size: Code=9946 RO-data=290 RW-data=8 ZI-data=1536  
".\RTX_Cortex.axf" - 0 Errors, 0 Warning(s).
Load "C:\\Users\\picas\\Documents\\Mines\\SAM2\\SAM3\\RTX_Cortex.axf" 
Erase Done.
Programming Done.
Verify OK.
Build target 'MCBSTM32'
compiling en_tete.c...
linking...
Program Size: Code=9946 RO-data=290 RW-data=8 ZI-data=1536  
".\RTX_Cortex.axf" - 0 Errors, 0 Warning(s).
Load "C:\\Users\\picas\\Documents\\Mines\\SAM2\\SAM3\\RTX_Cortex.axf" 
Erase Done.
Programming Done.
Verify OK.
Build target 'MCBSTM32'
compiling en_tete.c...
linking...
Program Size: Code=9958 RO-data=290 RW-data=8 ZI-data=1536  
".\RTX_Cortex.axf" - 0 Errors, 0 Warning(s).
Load "C:\\Users\\picas\\Documents\\Mines\\SAM2\\SAM3\\RTX_Cortex.axf" 
Erase Done.
Programming Done.
Verify OK.
Build target 'MCBSTM32'
compiling en_tete.c...
linking...
Program Size: Code=9958 RO-data=290 RW-data=8 ZI-data=1536  
".\RTX_Cortex.axf" - 0 Errors, 0 Warning(s).
Load "C:\\Users\\picas\\Documents\\Mines\\SAM2\\SAM3\\RTX_Cortex.axf" 
Erase Done.
Programming Done.
Verify OK.
