<html>
<body>
<pre>
<h1>µVision Build Log</h1>
<h2>Project:</h2>
C:\Users\paulb\Downloads\transfer_486721_files_b29d82a3\TP_Cortex_u4\RTX_Cortex.uvproj
Project File Date:  08/31/2016

<h2>Output:</h2>
Build target 'MCBSTM32'
compiling en_tete.c...
en_tete.c(22): warning:  #1295-D: Deprecated declaration CLOCK_init - give arg types
en_tete.c(23): warning:  #1295-D: Deprecated declaration FLASH_init - give arg types
en_tete.c(24): warning:  #1295-D: Deprecated declaration GPIO_init - give arg types
linking...
Program Size: Code=4846 RO-data=290 RW-data=8 ZI-data=512  
".\RTX_Cortex.axf" - 0 Errors, 3 Warning(s).
Build target 'MCBSTM32'
compiling en_tete.c...
en_tete.c(22): warning:  #1295-D: Deprecated declaration CLOCK_init - give arg types
en_tete.c(23): warning:  #1295-D: Deprecated declaration FLASH_init - give arg types
en_tete.c(24): warning:  #1295-D: Deprecated declaration GPIO_init - give arg types
en_tete.c(25): warning:  #1295-D: Deprecated declaration NVIC_init - give arg types
en_tete.c(26): warning:  #1295-D: Deprecated declaration EXTI_init - give arg types
en_tete.c(89): error:  #268: declaration may not appear after executable statement in block
".\RTX_Cortex.axf" - 1 Errors, 5 Warning(s).
Target not created
Build target 'MCBSTM32'
compiling en_tete.c...
en_tete.c(22): warning:  #1295-D: Deprecated declaration CLOCK_init - give arg types
en_tete.c(23): warning:  #1295-D: Deprecated declaration FLASH_init - give arg types
en_tete.c(24): warning:  #1295-D: Deprecated declaration GPIO_init - give arg types
en_tete.c(25): warning:  #1295-D: Deprecated declaration NVIC_init - give arg types
en_tete.c(26): warning:  #1295-D: Deprecated declaration EXTI_init - give arg types
linking...
Program Size: Code=4922 RO-data=290 RW-data=8 ZI-data=512  
".\RTX_Cortex.axf" - 0 Errors, 5 Warning(s).
Load "C:\\Users\\paulb\\Downloads\\transfer_486721_files_b29d82a3\\TP_Cortex_u4\\RTX_Cortex.axf" 
Erase Done.
Programming Done.
Verify OK.
Build target 'MCBSTM32'
compiling en_tete.c...
en_tete.c(22): warning:  #1295-D: Deprecated declaration CLOCK_init - give arg types
en_tete.c(23): warning:  #1295-D: Deprecated declaration FLASH_init - give arg types
en_tete.c(24): warning:  #1295-D: Deprecated declaration GPIO_init - give arg types
en_tete.c(25): warning:  #1295-D: Deprecated declaration NVIC_init - give arg types
en_tete.c(26): warning:  #1295-D: Deprecated declaration EXTI_init - give arg types
linking...
Program Size: Code=4930 RO-data=290 RW-data=8 ZI-data=512  
".\RTX_Cortex.axf" - 0 Errors, 5 Warning(s).
Load "C:\\Users\\paulb\\Downloads\\transfer_486721_files_b29d82a3\\TP_Cortex_u4\\RTX_Cortex.axf" 
Erase Done.
Programming Done.
Verify OK.
Load "C:\\Users\\paulb\\Downloads\\transfer_486721_files_b29d82a3\\TP_Cortex_u4\\RTX_Cortex.axf" 
Erase Done.
Programming Done.
Verify OK.
Load "C:\\Users\\paulb\\Downloads\\transfer_486721_files_b29d82a3\\TP_Cortex_u4\\RTX_Cortex.axf" 
Erase Done.
Programming Done.
Verify OK.
Build target 'MCBSTM32'
compiling en_tete.c...
en_tete.c(22): warning:  #1295-D: Deprecated declaration CLOCK_init - give arg types
en_tete.c(23): warning:  #1295-D: Deprecated declaration FLASH_init - give arg types
en_tete.c(24): warning:  #1295-D: Deprecated declaration GPIO_init - give arg types
en_tete.c(25): warning:  #1295-D: Deprecated declaration NVIC_init - give arg types
en_tete.c(26): warning:  #1295-D: Deprecated declaration EXTI_init - give arg types
linking...
Program Size: Code=4930 RO-data=290 RW-data=8 ZI-data=512  
".\RTX_Cortex.axf" - 0 Errors, 5 Warning(s).
Build target 'MCBSTM32'
linking...
Program Size: Code=4930 RO-data=290 RW-data=8 ZI-data=512  
".\RTX_Cortex.axf" - 0 Errors, 0 Warning(s).
Load "C:\\Users\\paulb\\Downloads\\transfer_486721_files_b29d82a3\\TP_Cortex_u4\\RTX_Cortex.axf" 
Erase Done.
Programming Done.
Verify OK.
Build target 'MCBSTM32'
compiling en_tete.c...
en_tete.c(22): warning:  #1295-D: Deprecated declaration CLOCK_init - give arg types
en_tete.c(23): warning:  #1295-D: Deprecated declaration FLASH_init - give arg types
en_tete.c(24): warning:  #1295-D: Deprecated declaration GPIO_init - give arg types
en_tete.c(25): warning:  #1295-D: Deprecated declaration NVIC_init - give arg types
en_tete.c(26): warning:  #1295-D: Deprecated declaration EXTI_init - give arg types
linking...
Program Size: Code=4930 RO-data=290 RW-data=8 ZI-data=512  
".\RTX_Cortex.axf" - 0 Errors, 5 Warning(s).
Load "C:\\Users\\paulb\\Downloads\\transfer_486721_files_b29d82a3\\TP_Cortex_u4\\RTX_Cortex.axf" 
Erase Done.
Programming Done.
Verify OK.
Load "C:\\Users\\paulb\\Downloads\\transfer_486721_files_b29d82a3\\TP_Cortex_u4\\RTX_Cortex.axf" 
Erase Done.
Programming Done.
Verify OK.
Build target 'MCBSTM32'
compiling en_tete.c...
en_tete.c(22): warning:  #1295-D: Deprecated declaration CLOCK_init - give arg types
en_tete.c(23): warning:  #1295-D: Deprecated declaration FLASH_init - give arg types
en_tete.c(24): warning:  #1295-D: Deprecated declaration GPIO_init - give arg types
en_tete.c(25): warning:  #1295-D: Deprecated declaration NVIC_init - give arg types
en_tete.c(26): warning:  #1295-D: Deprecated declaration EXTI_init - give arg types
linking...
Program Size: Code=4926 RO-data=290 RW-data=8 ZI-data=512  
".\RTX_Cortex.axf" - 0 Errors, 5 Warning(s).
Load "C:\\Users\\paulb\\Downloads\\transfer_486721_files_b29d82a3\\TP_Cortex_u4\\RTX_Cortex.axf" 
Erase Done.
Programming Done.
Verify OK.
Build target 'MCBSTM32'
compiling en_tete.c...
en_tete.c(22): warning:  #1295-D: Deprecated declaration CLOCK_init - give arg types
en_tete.c(23): warning:  #1295-D: Deprecated declaration FLASH_init - give arg types
en_tete.c(24): warning:  #1295-D: Deprecated declaration GPIO_init - give arg types
en_tete.c(25): warning:  #1295-D: Deprecated declaration NVIC_init - give arg types
en_tete.c(26): warning:  #1295-D: Deprecated declaration EXTI_init - give arg types
linking...
Program Size: Code=4918 RO-data=290 RW-data=8 ZI-data=512  
".\RTX_Cortex.axf" - 0 Errors, 5 Warning(s).
Load "C:\\Users\\paulb\\Downloads\\transfer_486721_files_b29d82a3\\TP_Cortex_u4\\RTX_Cortex.axf" 
Erase Done.
Programming Done.
Verify OK.
Build target 'MCBSTM32'
compiling en_tete.c...
en_tete.c(22): warning:  #1295-D: Deprecated declaration CLOCK_init - give arg types
en_tete.c(23): warning:  #1295-D: Deprecated declaration FLASH_init - give arg types
en_tete.c(24): warning:  #1295-D: Deprecated declaration GPIO_init - give arg types
en_tete.c(25): warning:  #1295-D: Deprecated declaration NVIC_init - give arg types
en_tete.c(26): warning:  #1295-D: Deprecated declaration EXTI_init - give arg types
linking...
Program Size: Code=4942 RO-data=290 RW-data=8 ZI-data=512  
".\RTX_Cortex.axf" - 0 Errors, 5 Warning(s).
Load "C:\\Users\\paulb\\Downloads\\transfer_486721_files_b29d82a3\\TP_Cortex_u4\\RTX_Cortex.axf" 
Erase Done.
Programming Done.
Verify OK.
Build target 'MCBSTM32'
compiling en_tete.c...
en_tete.c(22): warning:  #1295-D: Deprecated declaration CLOCK_init - give arg types
en_tete.c(23): warning:  #1295-D: Deprecated declaration FLASH_init - give arg types
en_tete.c(24): warning:  #1295-D: Deprecated declaration GPIO_init - give arg types
en_tete.c(25): warning:  #1295-D: Deprecated declaration NVIC_init - give arg types
en_tete.c(26): warning:  #1295-D: Deprecated declaration EXTI_init - give arg types
linking...
Program Size: Code=4902 RO-data=290 RW-data=8 ZI-data=512  
".\RTX_Cortex.axf" - 0 Errors, 5 Warning(s).
Load "C:\\Users\\paulb\\Downloads\\transfer_486721_files_b29d82a3\\TP_Cortex_u4\\RTX_Cortex.axf" 
Erase Done.
Programming Done.
Verify OK.
Build target 'MCBSTM32'
compiling en_tete.c...
en_tete.c(22): warning:  #1295-D: Deprecated declaration CLOCK_init - give arg types
en_tete.c(23): warning:  #1295-D: Deprecated declaration FLASH_init - give arg types
en_tete.c(24): warning:  #1295-D: Deprecated declaration GPIO_init - give arg types
en_tete.c(25): warning:  #1295-D: Deprecated declaration NVIC_init - give arg types
en_tete.c(26): warning:  #1295-D: Deprecated declaration EXTI_init - give arg types
linking...
Program Size: Code=4906 RO-data=290 RW-data=8 ZI-data=512  
".\RTX_Cortex.axf" - 0 Errors, 5 Warning(s).
Load "C:\\Users\\paulb\\Downloads\\transfer_486721_files_b29d82a3\\TP_Cortex_u4\\RTX_Cortex.axf" 
Erase Done.
Programming Done.
Verify OK.
Build target 'MCBSTM32'
compiling en_tete.c...
en_tete.c(22): warning:  #1295-D: Deprecated declaration CLOCK_init - give arg types
en_tete.c(23): warning:  #1295-D: Deprecated declaration FLASH_init - give arg types
en_tete.c(24): warning:  #1295-D: Deprecated declaration GPIO_init - give arg types
en_tete.c(25): warning:  #1295-D: Deprecated declaration NVIC_init - give arg types
en_tete.c(26): warning:  #1295-D: Deprecated declaration EXTI_init - give arg types
linking...
Program Size: Code=4914 RO-data=290 RW-data=8 ZI-data=512  
".\RTX_Cortex.axf" - 0 Errors, 5 Warning(s).
Load "C:\\Users\\paulb\\Downloads\\transfer_486721_files_b29d82a3\\TP_Cortex_u4\\RTX_Cortex.axf" 
Erase Done.
Programming Done.
Verify OK.
Build target 'MCBSTM32'
compiling en_tete.c...
en_tete.c(22): warning:  #1295-D: Deprecated declaration CLOCK_init - give arg types
en_tete.c(23): warning:  #1295-D: Deprecated declaration FLASH_init - give arg types
en_tete.c(24): warning:  #1295-D: Deprecated declaration GPIO_init - give arg types
en_tete.c(25): warning:  #1295-D: Deprecated declaration NVIC_init - give arg types
en_tete.c(26): warning:  #1295-D: Deprecated declaration EXTI_init - give arg types
linking...
Program Size: Code=4930 RO-data=290 RW-data=8 ZI-data=512  
".\RTX_Cortex.axf" - 0 Errors, 5 Warning(s).
Load "C:\\Users\\paulb\\Downloads\\transfer_486721_files_b29d82a3\\TP_Cortex_u4\\RTX_Cortex.axf" 
Erase Done.
Programming Done.
Verify OK.
Build target 'MCBSTM32'
compiling en_tete.c...
en_tete.c(22): warning:  #1295-D: Deprecated declaration CLOCK_init - give arg types
en_tete.c(23): warning:  #1295-D: Deprecated declaration FLASH_init - give arg types
en_tete.c(24): warning:  #1295-D: Deprecated declaration GPIO_init - give arg types
en_tete.c(25): warning:  #1295-D: Deprecated declaration NVIC_init - give arg types
en_tete.c(26): warning:  #1295-D: Deprecated declaration EXTI_init - give arg types
linking...
Program Size: Code=4926 RO-data=290 RW-data=8 ZI-data=512  
".\RTX_Cortex.axf" - 0 Errors, 5 Warning(s).
Load "C:\\Users\\paulb\\Downloads\\transfer_486721_files_b29d82a3\\TP_Cortex_u4\\RTX_Cortex.axf" 
Erase Done.
Programming Done.
Verify OK.
Build target 'MCBSTM32'
linking...
Program Size: Code=4926 RO-data=290 RW-data=8 ZI-data=512  
".\RTX_Cortex.axf" - 0 Errors, 0 Warning(s).
Load "C:\\Users\\paulb\\Downloads\\transfer_486721_files_b29d82a3\\TP_Cortex_u4\\RTX_Cortex.axf" 
Erase Done.
Programming Done.
Verify OK.
Build target 'MCBSTM32'
linking...
Program Size: Code=4926 RO-data=290 RW-data=8 ZI-data=512  
".\RTX_Cortex.axf" - 0 Errors, 0 Warning(s).
Load "C:\\Users\\paulb\\Downloads\\transfer_486721_files_b29d82a3\\TP_Cortex_u4\\RTX_Cortex.axf" 
Erase Done.
Programming Done.
Verify OK.
Build target 'MCBSTM32'
compiling en_tete.c...
en_tete.c(22): warning:  #1295-D: Deprecated declaration CLOCK_init - give arg types
en_tete.c(23): warning:  #1295-D: Deprecated declaration FLASH_init - give arg types
en_tete.c(24): warning:  #1295-D: Deprecated declaration GPIO_init - give arg types
en_tete.c(25): warning:  #1295-D: Deprecated declaration NVIC_init - give arg types
en_tete.c(26): warning:  #1295-D: Deprecated declaration EXTI_init - give arg types
linking...
Program Size: Code=4898 RO-data=290 RW-data=8 ZI-data=512  
".\RTX_Cortex.axf" - 0 Errors, 5 Warning(s).
Load "C:\\Users\\paulb\\Downloads\\transfer_486721_files_b29d82a3\\TP_Cortex_u4\\RTX_Cortex.axf" 
Erase Done.
Programming Done.
Verify OK.
Build target 'MCBSTM32'
compiling en_tete.c...
en_tete.c(22): warning:  #1295-D: Deprecated declaration CLOCK_init - give arg types
en_tete.c(23): warning:  #1295-D: Deprecated declaration FLASH_init - give arg types
en_tete.c(24): warning:  #1295-D: Deprecated declaration GPIO_init - give arg types
en_tete.c(25): warning:  #1295-D: Deprecated declaration NVIC_init - give arg types
en_tete.c(26): warning:  #1295-D: Deprecated declaration EXTI_init - give arg types
linking...
Program Size: Code=4926 RO-data=290 RW-data=8 ZI-data=512  
".\RTX_Cortex.axf" - 0 Errors, 5 Warning(s).
Load "C:\\Users\\paulb\\Downloads\\transfer_486721_files_b29d82a3\\TP_Cortex_u4\\RTX_Cortex.axf" 
Erase Done.
Programming Done.
Verify OK.
Build target 'MCBSTM32'
linking...
Program Size: Code=4926 RO-data=290 RW-data=8 ZI-data=512  
".\RTX_Cortex.axf" - 0 Errors, 0 Warning(s).
Load "C:\\Users\\paulb\\Downloads\\transfer_486721_files_b29d82a3\\TP_Cortex_u4\\RTX_Cortex.axf" 
Erase Done.
Programming Done.
Verify OK.
Build target 'MCBSTM32'
compiling en_tete.c...
en_tete.c(22): warning:  #1295-D: Deprecated declaration CLOCK_init - give arg types
en_tete.c(23): warning:  #1295-D: Deprecated declaration FLASH_init - give arg types
en_tete.c(24): warning:  #1295-D: Deprecated declaration GPIO_init - give arg types
en_tete.c(25): warning:  #1295-D: Deprecated declaration NVIC_init - give arg types
en_tete.c(26): warning:  #1295-D: Deprecated declaration EXTI_init - give arg types
linking...
Program Size: Code=4918 RO-data=290 RW-data=8 ZI-data=512  
".\RTX_Cortex.axf" - 0 Errors, 5 Warning(s).
Load "C:\\Users\\paulb\\Downloads\\transfer_486721_files_b29d82a3\\TP_Cortex_u4\\RTX_Cortex.axf" 
Erase Done.
Programming Done.
Verify OK.
Build target 'MCBSTM32'
compiling en_tete.c...
en_tete.c(22): warning:  #1295-D: Deprecated declaration CLOCK_init - give arg types
en_tete.c(23): warning:  #1295-D: Deprecated declaration FLASH_init - give arg types
en_tete.c(24): warning:  #1295-D: Deprecated declaration GPIO_init - give arg types
en_tete.c(25): warning:  #1295-D: Deprecated declaration NVIC_init - give arg types
en_tete.c(26): warning:  #1295-D: Deprecated declaration EXTI_init - give arg types
linking...
Program Size: Code=4918 RO-data=290 RW-data=8 ZI-data=512  
".\RTX_Cortex.axf" - 0 Errors, 5 Warning(s).
Load "C:\\Users\\paulb\\Downloads\\transfer_486721_files_b29d82a3\\TP_Cortex_u4\\RTX_Cortex.axf" 
Erase Done.
Programming Done.
Verify OK.
Build target 'MCBSTM32'
compiling en_tete.c...
en_tete.c(22): warning:  #1295-D: Deprecated declaration CLOCK_init - give arg types
en_tete.c(23): warning:  #1295-D: Deprecated declaration FLASH_init - give arg types
en_tete.c(24): warning:  #1295-D: Deprecated declaration GPIO_init - give arg types
en_tete.c(25): warning:  #1295-D: Deprecated declaration NVIC_init - give arg types
en_tete.c(26): warning:  #1295-D: Deprecated declaration EXTI_init - give arg types
linking...
Program Size: Code=4918 RO-data=290 RW-data=8 ZI-data=512  
".\RTX_Cortex.axf" - 0 Errors, 5 Warning(s).
Load "C:\\Users\\paulb\\Downloads\\transfer_486721_files_b29d82a3\\TP_Cortex_u4\\RTX_Cortex.axf" 
Erase Done.
Programming Done.
Verify OK.
Build target 'MCBSTM32'
compiling en_tete.c...
en_tete.c(22): warning:  #1295-D: Deprecated declaration CLOCK_init - give arg types
en_tete.c(23): warning:  #1295-D: Deprecated declaration FLASH_init - give arg types
en_tete.c(24): warning:  #1295-D: Deprecated declaration GPIO_init - give arg types
en_tete.c(25): warning:  #1295-D: Deprecated declaration NVIC_init - give arg types
en_tete.c(26): warning:  #1295-D: Deprecated declaration EXTI_init - give arg types
linking...
Program Size: Code=4910 RO-data=290 RW-data=8 ZI-data=512  
".\RTX_Cortex.axf" - 0 Errors, 5 Warning(s).
Load "C:\\Users\\paulb\\Downloads\\transfer_486721_files_b29d82a3\\TP_Cortex_u4\\RTX_Cortex.axf" 
Erase Done.
Programming Done.
Verify OK.
Build target 'MCBSTM32'
compiling en_tete.c...
en_tete.c(22): warning:  #1295-D: Deprecated declaration CLOCK_init - give arg types
en_tete.c(23): warning:  #1295-D: Deprecated declaration FLASH_init - give arg types
en_tete.c(24): warning:  #1295-D: Deprecated declaration GPIO_init - give arg types
en_tete.c(25): warning:  #1295-D: Deprecated declaration NVIC_init - give arg types
en_tete.c(26): warning:  #1295-D: Deprecated declaration EXTI_init - give arg types
linking...
Program Size: Code=4918 RO-data=290 RW-data=8 ZI-data=512  
".\RTX_Cortex.axf" - 0 Errors, 5 Warning(s).
Load "C:\\Users\\paulb\\Downloads\\transfer_486721_files_b29d82a3\\TP_Cortex_u4\\RTX_Cortex.axf" 
Erase Done.
Programming Done.
Verify OK.
Build target 'MCBSTM32'
linking...
Program Size: Code=4918 RO-data=290 RW-data=8 ZI-data=512  
".\RTX_Cortex.axf" - 0 Errors, 0 Warning(s).
Load "C:\\Users\\paulb\\Downloads\\transfer_486721_files_b29d82a3\\TP_Cortex_u4\\RTX_Cortex.axf" 
Erase Done.
Programming Done.
Verify OK.
Build target 'MCBSTM32'
linking...
Program Size: Code=4918 RO-data=290 RW-data=8 ZI-data=512  
".\RTX_Cortex.axf" - 0 Errors, 0 Warning(s).
Load "C:\\Users\\paulb\\Downloads\\transfer_486721_files_b29d82a3\\TP_Cortex_u4\\RTX_Cortex.axf" 
