<!doctype html public "-//w3c//dtd html 4.0 transitional//en">
<html><head>
<title>Static Call Graph - [.\Obj\TD_stm32.axf]</title></head>
<body><HR>
<H1>Static Call Graph for image .\Obj\TD_stm32.axf</H1><HR>
<BR><P>#&#060CALLGRAPH&#062# ARM Linker, RVCT4.0 [Build 524]: Last Updated: Fri Nov 06 11:31:16 2009
<BR><P>
<H3>Maximum Stack Usage =          0 bytes + Unknown(Cycles, Untraceable Function Pointers)</H3><H3>
Call chain for Maximum Stack Depth:</H3>

<P>
<H3>
Mutually Recursive functions
</H3> <LI><a href="#[b4d694]">NMI_Handler</a>&nbsp;&nbsp;&nbsp;&rArr;&nbsp;&nbsp;&nbsp;<a href="#[b4d694]">NMI_Handler</a><BR>
 <LI><a href="#[b4d658]">HardFault_Handler</a>&nbsp;&nbsp;&nbsp;&rArr;&nbsp;&nbsp;&nbsp;<a href="#[b4d658]">HardFault_Handler</a><BR>
 <LI><a href="#[b4d61c]">MemManage_Handler</a>&nbsp;&nbsp;&nbsp;&rArr;&nbsp;&nbsp;&nbsp;<a href="#[b4d61c]">MemManage_Handler</a><BR>
 <LI><a href="#[b4d5e0]">BusFault_Handler</a>&nbsp;&nbsp;&nbsp;&rArr;&nbsp;&nbsp;&nbsp;<a href="#[b4d5e0]">BusFault_Handler</a><BR>
 <LI><a href="#[b4d5a4]">UsageFault_Handler</a>&nbsp;&nbsp;&nbsp;&rArr;&nbsp;&nbsp;&nbsp;<a href="#[b4d5a4]">UsageFault_Handler</a><BR>
 <LI><a href="#[b4d568]">SVC_Handler</a>&nbsp;&nbsp;&nbsp;&rArr;&nbsp;&nbsp;&nbsp;<a href="#[b4d568]">SVC_Handler</a><BR>
 <LI><a href="#[b4d52c]">DebugMon_Handler</a>&nbsp;&nbsp;&nbsp;&rArr;&nbsp;&nbsp;&nbsp;<a href="#[b4d52c]">DebugMon_Handler</a><BR>
 <LI><a href="#[b4d4f0]">PendSV_Handler</a>&nbsp;&nbsp;&nbsp;&rArr;&nbsp;&nbsp;&nbsp;<a href="#[b4d4f0]">PendSV_Handler</a><BR>
 <LI><a href="#[b4d4b4]">SysTick_Handler</a>&nbsp;&nbsp;&nbsp;&rArr;&nbsp;&nbsp;&nbsp;<a href="#[b4d4b4]">SysTick_Handler</a><BR>
 <LI><a href="#[b4d478]">ADC_IRQHandler</a>&nbsp;&nbsp;&nbsp;&rArr;&nbsp;&nbsp;&nbsp;<a href="#[b4d478]">ADC_IRQHandler</a><BR>
</UL>
<P>
<H3>
Function Pointers
</H3><UL>
 <LI><a href="#[b4d6d0]">Reset_Handler</a>
 <LI><a href="#[b4d694]">NMI_Handler</a>
 <LI><a href="#[b4d658]">HardFault_Handler</a>
 <LI><a href="#[b4d61c]">MemManage_Handler</a>
 <LI><a href="#[b4d5e0]">BusFault_Handler</a>
 <LI><a href="#[b4d5a4]">UsageFault_Handler</a>
 <LI><a href="#[b4d568]">SVC_Handler</a>
 <LI><a href="#[b4d52c]">DebugMon_Handler</a>
 <LI><a href="#[b4d4f0]">PendSV_Handler</a>
 <LI><a href="#[b4d4b4]">SysTick_Handler</a>
 <LI><a href="#[b4caa0]">WWDG_IRQHandler</a>
 <LI><a href="#[b4cf50]">PVD_IRQHandler</a>
 <LI><a href="#[b4cde8]">TAMPER_IRQHandler</a>
 <LI><a href="#[b4ce9c]">RTC_IRQHandler</a>
 <LI><a href="#[b4d07c]">FLASH_IRQHandler</a>
 <LI><a href="#[b4cf14]">RCC_IRQHandler</a>
 <LI><a href="#[b4d220]">EXTI0_IRQHandler</a>
 <LI><a href="#[b4d1a8]">EXTI1_IRQHandler</a>
 <LI><a href="#[b4d16c]">EXTI2_IRQHandler</a>
 <LI><a href="#[b4d130]">EXTI3_IRQHandler</a>
 <LI><a href="#[b4d0f4]">EXTI4_IRQHandler</a>
 <LI><a href="#[b4d3c4]">DMAChannel1_IRQHandler</a>
 <LI><a href="#[b4d388]">DMAChannel2_IRQHandler</a>
 <LI><a href="#[b4d34c]">DMAChannel3_IRQHandler</a>
 <LI><a href="#[b4d310]">DMAChannel4_IRQHandler</a>
 <LI><a href="#[b4d2d4]">DMAChannel5_IRQHandler</a>
 <LI><a href="#[b4d298]">DMAChannel6_IRQHandler</a>
 <LI><a href="#[b4d25c]">DMAChannel7_IRQHandler</a>
 <LI><a href="#[b4d478]">ADC_IRQHandler</a>
 <LI><a href="#[b4cb18]">USB_HP_CAN_TX_IRQHandler</a>
 <LI><a href="#[b4cadc]">USB_LP_CAN_RX0_IRQHandler</a>
 <LI><a href="#[b4d43c]">CAN_RX1_IRQHandler</a>
 <LI><a href="#[b4d400]">CAN_SCE_IRQHandler</a>
 <LI><a href="#[b4d0b8]">EXTI9_5_IRQHandler</a>
 <LI><a href="#[b4cdac]">TIM1_BRK_IRQHandler</a>
 <LI><a href="#[b4ccf8]">TIM1_UP_IRQHandler</a>
 <LI><a href="#[b4cd34]">TIM1_TRG_COM_IRQHandler</a>
 <LI><a href="#[b4cd70]">TIM1_CC_IRQHandler</a>
 <LI><a href="#[b4ccbc]">TIM2_IRQHandler</a>
 <LI><a href="#[b4cc80]">TIM3_IRQHandler</a>
 <LI><a href="#[b4cc44]">TIM4_IRQHandler</a>
 <LI><a href="#[b4d004]">I2C1_EV_IRQHandler</a>
 <LI><a href="#[b4d040]">I2C1_ER_IRQHandler</a>
 <LI><a href="#[b4cf8c]">I2C2_EV_IRQHandler</a>
 <LI><a href="#[b4cfc8]">I2C2_ER_IRQHandler</a>
 <LI><a href="#[b4ce60]">SPI1_IRQHandler</a>
 <LI><a href="#[b4ce24]">SPI2_IRQHandler</a>
 <LI><a href="#[b4cc08]">USART1_IRQHandler</a>
 <LI><a href="#[b4cbcc]">USART2_IRQHandler</a>
 <LI><a href="#[b4cb90]">USART3_IRQHandler</a>
 <LI><a href="#[b4d1e4]">EXTI15_10_IRQHandler</a>
 <LI><a href="#[b4ced8]">RTCAlarm_IRQHandler</a>
 <LI><a href="#[b4cb54]">USBWakeUp_IRQHandler</a>
 <LI><a href="#[b4ac64]">main</a>
 <LI><a href="#[14146f0]">__main</a>
</UL>
<P>
<H3>
Global Symbols
</H3>
<P><STRONG><a name="[14146f0]"></a>__main</STRONG> (Thumb, 0 bytes, Stack size unknown bytes, entry.o(.ARM.Collect$$$$00000000))
<BR>[Address Reference Count : 1]<UL><LI> stm32f10x.o(.text)
</UL>
<P><STRONG><a name="[14143a8]"></a>_main_stk</STRONG> (Thumb, 0 bytes, Stack size unknown bytes, entry2.o(.ARM.Collect$$$$00000001))
<BR><BR>[Calls]<UL><LI><a href="#[b4d5e0]">&gt;&gt;</a>&nbsp;&nbsp;&nbsp;BusFault_Handler
</UL>

<P><STRONG><a name="[141427c]"></a>_main_scatterload</STRONG> (Thumb, 0 bytes, Stack size unknown bytes, entry5.o(.ARM.Collect$$$$00000004))
<BR><BR>[Calls]<UL><LI><a href="#[1414024]">&gt;&gt;</a>&nbsp;&nbsp;&nbsp;__scatterload
</UL>

<P><STRONG><a name="[1414240]"></a>__main_after_scatterload</STRONG> (Thumb, 0 bytes, Stack size unknown bytes, entry5.o(.ARM.Collect$$$$00000004))
<BR><BR>[Called By]<UL><LI><a href="#[1414024]">&gt;&gt;</a>&nbsp;&nbsp;&nbsp;__scatterload
</UL>

<P><STRONG><a name="[1414150]"></a>_main_init</STRONG> (Thumb, 0 bytes, Stack size unknown bytes, entry7.o(.ARM.Collect$$$$00000007))

<P><STRONG><a name="[b4d6d0]"></a>Reset_Handler</STRONG> (Thumb, 4 bytes, Stack size 0 bytes, stm32f10x.o(.text))
<BR>[Address Reference Count : 1]<UL><LI> stm32f10x.o(RESET)
</UL>
<P><STRONG><a name="[b4d694]"></a>NMI_Handler</STRONG> (Thumb, 2 bytes, Stack size 0 bytes, stm32f10x.o(.text))
<BR><BR>[Calls]<UL><LI><a href="#[b4d694]">&gt;&gt;</a>&nbsp;&nbsp;&nbsp;NMI_Handler
</UL>
<BR>[Called By]<UL><LI><a href="#[b4d694]">&gt;&gt;</a>&nbsp;&nbsp;&nbsp;NMI_Handler
</UL>
<BR>[Address Reference Count : 1]<UL><LI> stm32f10x.o(RESET)
</UL>
<P><STRONG><a name="[b4d658]"></a>HardFault_Handler</STRONG> (Thumb, 2 bytes, Stack size 0 bytes, stm32f10x.o(.text))
<BR><BR>[Calls]<UL><LI><a href="#[b4d658]">&gt;&gt;</a>&nbsp;&nbsp;&nbsp;HardFault_Handler
</UL>
<BR>[Called By]<UL><LI><a href="#[b4d658]">&gt;&gt;</a>&nbsp;&nbsp;&nbsp;HardFault_Handler
</UL>
<BR>[Address Reference Count : 1]<UL><LI> stm32f10x.o(RESET)
</UL>
<P><STRONG><a name="[b4d61c]"></a>MemManage_Handler</STRONG> (Thumb, 2 bytes, Stack size 0 bytes, stm32f10x.o(.text))
<BR><BR>[Calls]<UL><LI><a href="#[b4d61c]">&gt;&gt;</a>&nbsp;&nbsp;&nbsp;MemManage_Handler
</UL>
<BR>[Called By]<UL><LI><a href="#[b4d61c]">&gt;&gt;</a>&nbsp;&nbsp;&nbsp;MemManage_Handler
</UL>
<BR>[Address Reference Count : 1]<UL><LI> stm32f10x.o(RESET)
</UL>
<P><STRONG><a name="[b4d5e0]"></a>BusFault_Handler</STRONG> (Thumb, 2 bytes, Stack size 0 bytes, stm32f10x.o(.text))
<BR><BR>[Calls]<UL><LI><a href="#[b4d5e0]">&gt;&gt;</a>&nbsp;&nbsp;&nbsp;BusFault_Handler
</UL>
<BR>[Called By]<UL><LI><a href="#[b4d5e0]">&gt;&gt;</a>&nbsp;&nbsp;&nbsp;BusFault_Handler
<LI><a href="#[14143a8]">&gt;&gt;</a>&nbsp;&nbsp;&nbsp;_main_stk
</UL>
<BR>[Address Reference Count : 1]<UL><LI> stm32f10x.o(RESET)
</UL>
<P><STRONG><a name="[b4d5a4]"></a>UsageFault_Handler</STRONG> (Thumb, 2 bytes, Stack size 0 bytes, stm32f10x.o(.text))
<BR><BR>[Calls]<UL><LI><a href="#[b4d5a4]">&gt;&gt;</a>&nbsp;&nbsp;&nbsp;UsageFault_Handler
</UL>
<BR>[Called By]<UL><LI><a href="#[b4d5a4]">&gt;&gt;</a>&nbsp;&nbsp;&nbsp;UsageFault_Handler
</UL>
<BR>[Address Reference Count : 1]<UL><LI> stm32f10x.o(RESET)
</UL>
<P><STRONG><a name="[b4d568]"></a>SVC_Handler</STRONG> (Thumb, 2 bytes, Stack size 0 bytes, stm32f10x.o(.text))
<BR><BR>[Calls]<UL><LI><a href="#[b4d568]">&gt;&gt;</a>&nbsp;&nbsp;&nbsp;SVC_Handler
</UL>
<BR>[Called By]<UL><LI><a href="#[b4d568]">&gt;&gt;</a>&nbsp;&nbsp;&nbsp;SVC_Handler
</UL>
<BR>[Address Reference Count : 1]<UL><LI> stm32f10x.o(RESET)
</UL>
<P><STRONG><a name="[b4d52c]"></a>DebugMon_Handler</STRONG> (Thumb, 2 bytes, Stack size 0 bytes, stm32f10x.o(.text))
<BR><BR>[Calls]<UL><LI><a href="#[b4d52c]">&gt;&gt;</a>&nbsp;&nbsp;&nbsp;DebugMon_Handler
</UL>
<BR>[Called By]<UL><LI><a href="#[b4d52c]">&gt;&gt;</a>&nbsp;&nbsp;&nbsp;DebugMon_Handler
</UL>
<BR>[Address Reference Count : 1]<UL><LI> stm32f10x.o(RESET)
</UL>
<P><STRONG><a name="[b4d4f0]"></a>PendSV_Handler</STRONG> (Thumb, 2 bytes, Stack size 0 bytes, stm32f10x.o(.text))
<BR><BR>[Calls]<UL><LI><a href="#[b4d4f0]">&gt;&gt;</a>&nbsp;&nbsp;&nbsp;PendSV_Handler
</UL>
<BR>[Called By]<UL><LI><a href="#[b4d4f0]">&gt;&gt;</a>&nbsp;&nbsp;&nbsp;PendSV_Handler
</UL>
<BR>[Address Reference Count : 1]<UL><LI> stm32f10x.o(RESET)
</UL>
<P><STRONG><a name="[b4d4b4]"></a>SysTick_Handler</STRONG> (Thumb, 2 bytes, Stack size 0 bytes, stm32f10x.o(.text))
<BR><BR>[Calls]<UL><LI><a href="#[b4d4b4]">&gt;&gt;</a>&nbsp;&nbsp;&nbsp;SysTick_Handler
</UL>
<BR>[Called By]<UL><LI><a href="#[b4d4b4]">&gt;&gt;</a>&nbsp;&nbsp;&nbsp;SysTick_Handler
</UL>
<BR>[Address Reference Count : 1]<UL><LI> stm32f10x.o(RESET)
</UL>
<P><STRONG><a name="[b4d478]"></a>ADC_IRQHandler</STRONG> (Thumb, 0 bytes, Stack size 0 bytes, stm32f10x.o(.text))
<BR><BR>[Calls]<UL><LI><a href="#[b4d478]">&gt;&gt;</a>&nbsp;&nbsp;&nbsp;ADC_IRQHandler
</UL>
<BR>[Called By]<UL><LI><a href="#[b4d478]">&gt;&gt;</a>&nbsp;&nbsp;&nbsp;ADC_IRQHandler
</UL>
<BR>[Address Reference Count : 1]<UL><LI> stm32f10x.o(RESET)
</UL>
<P><STRONG><a name="[b4d43c]"></a>CAN_RX1_IRQHandler</STRONG> (Thumb, 0 bytes, Stack size 0 bytes, stm32f10x.o(.text))
<BR>[Address Reference Count : 1]<UL><LI> stm32f10x.o(RESET)
</UL>
<P><STRONG><a name="[b4d400]"></a>CAN_SCE_IRQHandler</STRONG> (Thumb, 0 bytes, Stack size 0 bytes, stm32f10x.o(.text))
<BR>[Address Reference Count : 1]<UL><LI> stm32f10x.o(RESET)
</UL>
<P><STRONG><a name="[b4d3c4]"></a>DMAChannel1_IRQHandler</STRONG> (Thumb, 0 bytes, Stack size 0 bytes, stm32f10x.o(.text))
<BR>[Address Reference Count : 1]<UL><LI> stm32f10x.o(RESET)
</UL>
<P><STRONG><a name="[b4d388]"></a>DMAChannel2_IRQHandler</STRONG> (Thumb, 0 bytes, Stack size 0 bytes, stm32f10x.o(.text))
<BR>[Address Reference Count : 1]<UL><LI> stm32f10x.o(RESET)
</UL>
<P><STRONG><a name="[b4d34c]"></a>DMAChannel3_IRQHandler</STRONG> (Thumb, 0 bytes, Stack size 0 bytes, stm32f10x.o(.text))
<BR>[Address Reference Count : 1]<UL><LI> stm32f10x.o(RESET)
</UL>
<P><STRONG><a name="[b4d310]"></a>DMAChannel4_IRQHandler</STRONG> (Thumb, 0 bytes, Stack size 0 bytes, stm32f10x.o(.text))
<BR>[Address Reference Count : 1]<UL><LI> stm32f10x.o(RESET)
</UL>
<P><STRONG><a name="[b4d2d4]"></a>DMAChannel5_IRQHandler</STRONG> (Thumb, 0 bytes, Stack size 0 bytes, stm32f10x.o(.text))
<BR>[Address Reference Count : 1]<UL><LI> stm32f10x.o(RESET)
</UL>
<P><STRONG><a name="[b4d298]"></a>DMAChannel6_IRQHandler</STRONG> (Thumb, 0 bytes, Stack size 0 bytes, stm32f10x.o(.text))
<BR>[Address Reference Count : 1]<UL><LI> stm32f10x.o(RESET)
</UL>
<P><STRONG><a name="[b4d25c]"></a>DMAChannel7_IRQHandler</STRONG> (Thumb, 0 bytes, Stack size 0 bytes, stm32f10x.o(.text))
<BR>[Address Reference Count : 1]<UL><LI> stm32f10x.o(RESET)
</UL>
<P><STRONG><a name="[b4d220]"></a>EXTI0_IRQHandler</STRONG> (Thumb, 0 bytes, Stack size 0 bytes, stm32f10x.o(.text))
<BR>[Address Reference Count : 1]<UL><LI> stm32f10x.o(RESET)
</UL>
<P><STRONG><a name="[b4d1e4]"></a>EXTI15_10_IRQHandler</STRONG> (Thumb, 0 bytes, Stack size 0 bytes, stm32f10x.o(.text))
<BR>[Address Reference Count : 1]<UL><LI> stm32f10x.o(RESET)
</UL>
<P><STRONG><a name="[b4d1a8]"></a>EXTI1_IRQHandler</STRONG> (Thumb, 0 bytes, Stack size 0 bytes, stm32f10x.o(.text))
<BR>[Address Reference Count : 1]<UL><LI> stm32f10x.o(RESET)
</UL>
<P><STRONG><a name="[b4d16c]"></a>EXTI2_IRQHandler</STRONG> (Thumb, 0 bytes, Stack size 0 bytes, stm32f10x.o(.text))
<BR>[Address Reference Count : 1]<UL><LI> stm32f10x.o(RESET)
</UL>
<P><STRONG><a name="[b4d130]"></a>EXTI3_IRQHandler</STRONG> (Thumb, 0 bytes, Stack size 0 bytes, stm32f10x.o(.text))
<BR>[Address Reference Count : 1]<UL><LI> stm32f10x.o(RESET)
</UL>
<P><STRONG><a name="[b4d0f4]"></a>EXTI4_IRQHandler</STRONG> (Thumb, 0 bytes, Stack size 0 bytes, stm32f10x.o(.text))
<BR>[Address Reference Count : 1]<UL><LI> stm32f10x.o(RESET)
</UL>
<P><STRONG><a name="[b4d0b8]"></a>EXTI9_5_IRQHandler</STRONG> (Thumb, 0 bytes, Stack size 0 bytes, stm32f10x.o(.text))
<BR>[Address Reference Count : 1]<UL><LI> stm32f10x.o(RESET)
</UL>
<P><STRONG><a name="[b4d07c]"></a>FLASH_IRQHandler</STRONG> (Thumb, 0 bytes, Stack size 0 bytes, stm32f10x.o(.text))
<BR>[Address Reference Count : 1]<UL><LI> stm32f10x.o(RESET)
</UL>
<P><STRONG><a name="[b4d040]"></a>I2C1_ER_IRQHandler</STRONG> (Thumb, 0 bytes, Stack size 0 bytes, stm32f10x.o(.text))
<BR>[Address Reference Count : 1]<UL><LI> stm32f10x.o(RESET)
</UL>
<P><STRONG><a name="[b4d004]"></a>I2C1_EV_IRQHandler</STRONG> (Thumb, 0 bytes, Stack size 0 bytes, stm32f10x.o(.text))
<BR>[Address Reference Count : 1]<UL><LI> stm32f10x.o(RESET)
</UL>
<P><STRONG><a name="[b4cfc8]"></a>I2C2_ER_IRQHandler</STRONG> (Thumb, 0 bytes, Stack size 0 bytes, stm32f10x.o(.text))
<BR>[Address Reference Count : 1]<UL><LI> stm32f10x.o(RESET)
</UL>
<P><STRONG><a name="[b4cf8c]"></a>I2C2_EV_IRQHandler</STRONG> (Thumb, 0 bytes, Stack size 0 bytes, stm32f10x.o(.text))
<BR>[Address Reference Count : 1]<UL><LI> stm32f10x.o(RESET)
</UL>
<P><STRONG><a name="[b4cf50]"></a>PVD_IRQHandler</STRONG> (Thumb, 0 bytes, Stack size 0 bytes, stm32f10x.o(.text))
<BR>[Address Reference Count : 1]<UL><LI> stm32f10x.o(RESET)
</UL>
<P><STRONG><a name="[b4cf14]"></a>RCC_IRQHandler</STRONG> (Thumb, 0 bytes, Stack size 0 bytes, stm32f10x.o(.text))
<BR>[Address Reference Count : 1]<UL><LI> stm32f10x.o(RESET)
</UL>
<P><STRONG><a name="[b4ced8]"></a>RTCAlarm_IRQHandler</STRONG> (Thumb, 0 bytes, Stack size 0 bytes, stm32f10x.o(.text))
<BR>[Address Reference Count : 1]<UL><LI> stm32f10x.o(RESET)
</UL>
<P><STRONG><a name="[b4ce9c]"></a>RTC_IRQHandler</STRONG> (Thumb, 0 bytes, Stack size 0 bytes, stm32f10x.o(.text))
<BR>[Address Reference Count : 1]<UL><LI> stm32f10x.o(RESET)
</UL>
<P><STRONG><a name="[b4ce60]"></a>SPI1_IRQHandler</STRONG> (Thumb, 0 bytes, Stack size 0 bytes, stm32f10x.o(.text))
<BR>[Address Reference Count : 1]<UL><LI> stm32f10x.o(RESET)
</UL>
<P><STRONG><a name="[b4ce24]"></a>SPI2_IRQHandler</STRONG> (Thumb, 0 bytes, Stack size 0 bytes, stm32f10x.o(.text))
<BR>[Address Reference Count : 1]<UL><LI> stm32f10x.o(RESET)
</UL>
<P><STRONG><a name="[b4cde8]"></a>TAMPER_IRQHandler</STRONG> (Thumb, 0 bytes, Stack size 0 bytes, stm32f10x.o(.text))
<BR>[Address Reference Count : 1]<UL><LI> stm32f10x.o(RESET)
</UL>
<P><STRONG><a name="[b4cdac]"></a>TIM1_BRK_IRQHandler</STRONG> (Thumb, 0 bytes, Stack size 0 bytes, stm32f10x.o(.text))
<BR>[Address Reference Count : 1]<UL><LI> stm32f10x.o(RESET)
</UL>
<P><STRONG><a name="[b4cd70]"></a>TIM1_CC_IRQHandler</STRONG> (Thumb, 0 bytes, Stack size 0 bytes, stm32f10x.o(.text))
<BR>[Address Reference Count : 1]<UL><LI> stm32f10x.o(RESET)
</UL>
<P><STRONG><a name="[b4cd34]"></a>TIM1_TRG_COM_IRQHandler</STRONG> (Thumb, 0 bytes, Stack size 0 bytes, stm32f10x.o(.text))
<BR>[Address Reference Count : 1]<UL><LI> stm32f10x.o(RESET)
</UL>
<P><STRONG><a name="[b4ccf8]"></a>TIM1_UP_IRQHandler</STRONG> (Thumb, 0 bytes, Stack size 0 bytes, stm32f10x.o(.text))
<BR>[Address Reference Count : 1]<UL><LI> stm32f10x.o(RESET)
</UL>
<P><STRONG><a name="[b4ccbc]"></a>TIM2_IRQHandler</STRONG> (Thumb, 0 bytes, Stack size 0 bytes, stm32f10x.o(.text))
<BR>[Address Reference Count : 1]<UL><LI> stm32f10x.o(RESET)
</UL>
<P><STRONG><a name="[b4cc80]"></a>TIM3_IRQHandler</STRONG> (Thumb, 0 bytes, Stack size 0 bytes, stm32f10x.o(.text))
<BR>[Address Reference Count : 1]<UL><LI> stm32f10x.o(RESET)
</UL>
<P><STRONG><a name="[b4cc44]"></a>TIM4_IRQHandler</STRONG> (Thumb, 0 bytes, Stack size 0 bytes, stm32f10x.o(.text))
<BR>[Address Reference Count : 1]<UL><LI> stm32f10x.o(RESET)
</UL>
<P><STRONG><a name="[b4cc08]"></a>USART1_IRQHandler</STRONG> (Thumb, 0 bytes, Stack size 0 bytes, stm32f10x.o(.text))
<BR>[Address Reference Count : 1]<UL><LI> stm32f10x.o(RESET)
</UL>
<P><STRONG><a name="[b4cbcc]"></a>USART2_IRQHandler</STRONG> (Thumb, 0 bytes, Stack size 0 bytes, stm32f10x.o(.text))
<BR>[Address Reference Count : 1]<UL><LI> stm32f10x.o(RESET)
</UL>
<P><STRONG><a name="[b4cb90]"></a>USART3_IRQHandler</STRONG> (Thumb, 0 bytes, Stack size 0 bytes, stm32f10x.o(.text))
<BR>[Address Reference Count : 1]<UL><LI> stm32f10x.o(RESET)
</UL>
<P><STRONG><a name="[b4cb54]"></a>USBWakeUp_IRQHandler</STRONG> (Thumb, 0 bytes, Stack size 0 bytes, stm32f10x.o(.text))
<BR>[Address Reference Count : 1]<UL><LI> stm32f10x.o(RESET)
</UL>
<P><STRONG><a name="[b4cb18]"></a>USB_HP_CAN_TX_IRQHandler</STRONG> (Thumb, 0 bytes, Stack size 0 bytes, stm32f10x.o(.text))
<BR>[Address Reference Count : 1]<UL><LI> stm32f10x.o(RESET)
</UL>
<P><STRONG><a name="[b4cadc]"></a>USB_LP_CAN_RX0_IRQHandler</STRONG> (Thumb, 0 bytes, Stack size 0 bytes, stm32f10x.o(.text))
<BR>[Address Reference Count : 1]<UL><LI> stm32f10x.o(RESET)
</UL>
<P><STRONG><a name="[b4caa0]"></a>WWDG_IRQHandler</STRONG> (Thumb, 0 bytes, Stack size 0 bytes, stm32f10x.o(.text))
<BR>[Address Reference Count : 1]<UL><LI> stm32f10x.o(RESET)
</UL>
<P><STRONG><a name="[b4ac64]"></a>main</STRONG> (Thumb, 4 bytes, Stack size 0 bytes, en_tete.o(.text))
<BR>[Address Reference Count : 1]<UL><LI> entry7.o(.ARM.Collect$$$$00000007)
</UL>
<P><STRONG><a name="[1414024]"></a>__scatterload</STRONG> (Thumb, 28 bytes, Stack size 0 bytes, init.o(.text))
<BR><BR>[Calls]<UL><LI><a href="#[1414240]">&gt;&gt;</a>&nbsp;&nbsp;&nbsp;__main_after_scatterload
</UL>
<BR>[Called By]<UL><LI><a href="#[141427c]">&gt;&gt;</a>&nbsp;&nbsp;&nbsp;_main_scatterload
</UL>

<P><STRONG><a name="[1413fe8]"></a>__scatterload_rt2</STRONG> (Thumb, 0 bytes, Stack size 0 bytes, init.o(.text), UNUSED)

<P><STRONG><a name="[1413ca0]"></a>__scatterload_copy</STRONG> (Thumb, 14 bytes, Stack size unknown bytes, handlers.o(i.__scatterload_copy), UNUSED)

<P><STRONG><a name="[1413c64]"></a>__scatterload_null</STRONG> (Thumb, 2 bytes, Stack size unknown bytes, handlers.o(i.__scatterload_null), UNUSED)

<P><STRONG><a name="[1413c28]"></a>__scatterload_zeroinit</STRONG> (Thumb, 14 bytes, Stack size unknown bytes, handlers.o(i.__scatterload_zeroinit), UNUSED)
<P>
<H3>
Local Symbols
</H3><P>
<H3>
Undefined Global Symbols
</H3><HR></body></html>
